Microchip MPLAB XC8 Compiler V1.32 ()

Linker command line:

--edf=C:\Program Files (x86)\Microchip\xc8\v1.32\dat\en_msgs.txt -cs \
  -h+dist/Seism/production\cpps_seismic_tables.X.production.sym \
  --cmf=dist/Seism/production\cpps_seismic_tables.X.production.cmf -z \
  -Q18F46K22 -oC:\Users\uadmin\AppData\Local\Temp\s8qeo.6 \
  -Mdist/Seism/production/cpps_seismic_tables.X.production.map -E1 -ver=XC8 \
  -ASTACK=0300h-09ffh -pstack=STACK -ACODE=00h-0FFFFh -ACONST=00h-0FFFFh \
  -ASMALLCONST=01000h-010FFhx240 -AMEDIUMCONST=01000h-0FFFFh \
  -ACOMRAM=01h-05Fh -AABS1=00h-0F37h -ABIGRAM=01h-0F37h \
  -ARAM=060h-0FFh,0100h-01FFhx14,0F00h-0F37h -ABANK0=060h-0FFh \
  -ABANK1=0100h-01FFh -ABANK2=0200h-02FFh -ABANK3=0300h-03FFh \
  -ABANK4=0400h-04FFh -ABANK5=0500h-05FFh -ABANK6=0600h-06FFh \
  -ABANK7=0700h-07FFh -ABANK8=0800h-08FFh -ABANK9=0900h-09FFh \
  -ABANK10=0A00h-0AFFh -ABANK11=0B00h-0BFFh -ABANK12=0C00h-0CFFh \
  -ABANK13=0D00h-0DFFh -ABANK14=0E00h-0EFFh -ABANK15=0F00h-0F37h \
  -ASFR=0F38h-0F5Fh,0F60h-0FFFh \
  -preset_vec=00h,intcode=08h,intcodelo,powerup,init,end_init \
  -pramtop=01000h -psmallconst=SMALLCONST -pmediumconst=MEDIUMCONST \
  -pconst=CONST -AFARRAM=00h-00h -ACONFIG=0300000h-030000Dh -pconfig=CONFIG \
  -AIDLOC=0200000h-0200007h -pidloc=IDLOC -AEEDATA=0F00000h-0F003FFh \
  -peeprom_data=EEDATA \
  -prdata=COMRAM,nvrram=COMRAM,nvbit=COMRAM,rbss=COMRAM,rbit=COMRAM \
  -pfarbss=FARRAM,fardata=FARRAM,nvFARRAM=FARRAM \
  -pintsave_regs=BIGRAM,bigbss=BIGRAM,bigdata=BIGRAM -pbss=RAM \
  -pidata=CODE,irdata=CODE,ibigdata=CODE,ifardata=CODE \
  C:\Users\uadmin\AppData\Local\Temp\s8qeo.obj \
  dist/Seism/production\cpps_seismic_tables.X.production.obj 

Object code version is 3.11

Machine type is 18F46K22

Call graph: (short form)




                Name                               Link     Load   Length Selector   Space Scale
C:\Users\uadmin\AppData\Local\Temp\s8qeo.obj
                end_init                            112      112        4        4       0
                reset_vec                             0        0        4        0       0
                idloc                            200000   200000        8   200000       0
                config                           300000   300000        E   300000       0
dist/Seism/production\cpps_seismic_tables.X.production.obj
                intcode                               8        8      10A        4       0
                smallconst                         1000     1000       F8      800       0
                text25                             1798     1798       46      87C       0
                text24                             18DE     18DE       3A      87C       0
                text23                             18A4     18A4       3A      87C       0
                text22                             1702     1702       4C      87C       0
                text21                             154C     154C       66      87C       0
                text20                             19F0     19F0       36      87C       0
                text18                             1A26     1A26       1E      87C       0
                text17                             19BA     19BA       36      87C       0
                text16                             16B6     16B6       4C      87C       0
                text15                             1A4E     1A4E        A      87C       0
                text14                             1A44     1A44        A      87C       0
                text13                             1228     1228       F6      87C       0
                text12                             174E     174E       4A      87C       0
                text11                             1984     1984       36      87C       0
                text10                             194E     194E       36      87C       0
                text9                              1664     1664       52      87C       0
                text8                              1408     1408       A4      87C       0
                text7                              1862     1862       42      87C       0
                text6                              1820     1820       42      87C       0
                text5                              160E     160E       56      87C       0
                text4                              14AC     14AC       A0      87C       0
                text3                              17DE     17DE       42      87C       0
                text2                              131E     131E       EA      87C       0
                text1                              1918     1918       36      87C       0
                text0                              10F8     10F8      130      87C       0
                cstackCOMRAM                          1        1       25        1       1
                cstackBANK0                          90       90       1A       60       1
                bssBANK2                            200      200      100      200       1
                bssBANK1                            100      100      100      100       1
                bssBANK0                             60       60       30       60       1
                dataCOMRAM                           48       48        1        1       1
                bssCOMRAM                            26       26       22        1       1
                cinit                              15B2     15B2       5C      87C       0
                idataCOMRAM                        1A58     1A58        1      87C       0

TOTAL           Name                               Link     Load   Length     Space
        CLASS   STACK          

        CLASS   CODE           
                end_init                            112      112        4         0
                intcode                               8        8      10A         0
                reset_vec                             0        0        4         0
                text25                             1798     1798       46         0
                text24                             18DE     18DE       3A         0
                text23                             18A4     18A4       3A         0
                text22                             1702     1702       4C         0
                text21                             154C     154C       66         0
                text20                             19F0     19F0       36         0
                text18                             1A26     1A26       1E         0
                text17                             19BA     19BA       36         0
                text16                             16B6     16B6       4C         0
                text15                             1A4E     1A4E        A         0
                text14                             1A44     1A44        A         0
                text13                             1228     1228       F6         0
                text12                             174E     174E       4A         0
                text11                             1984     1984       36         0
                text10                             194E     194E       36         0
                text9                              1664     1664       52         0
                text8                              1408     1408       A4         0
                text7                              1862     1862       42         0
                text6                              1820     1820       42         0
                text5                              160E     160E       56         0
                text4                              14AC     14AC       A0         0
                text3                              17DE     17DE       42         0
                text2                              131E     131E       EA         0
                text1                              1918     1918       36         0
                text0                              10F8     10F8      130         0
                cinit                              15B2     15B2       5C         0
                idataCOMRAM                        1A58     1A58        1         0

        CLASS   CONST          

        CLASS   SMALLCONST     
                smallconst                         1000     1000       F8         0

        CLASS   MEDIUMCONST    

        CLASS   COMRAM         
                cstackCOMRAM                          1        1       25         1
                dataCOMRAM                           48       48        1         1
                bssCOMRAM                            26       26       22         1

        CLASS   ABS1           

        CLASS   BIGRAM         

        CLASS   RAM            

        CLASS   BANK0          
                cstackBANK0                          90       90       1A         1
                bssBANK0                             60       60       30         1

        CLASS   BANK1          
                bssBANK1                            100      100      100         1

        CLASS   BANK2          
                bssBANK2                            200      200      100         1

        CLASS   BANK3          

        CLASS   BANK4          

        CLASS   BANK5          

        CLASS   BANK6          

        CLASS   BANK7          

        CLASS   BANK8          

        CLASS   BANK9          

        CLASS   BANK10         

        CLASS   BANK11         

        CLASS   BANK12         

        CLASS   BANK13         

        CLASS   BANK14         

        CLASS   BANK15         

        CLASS   SFR            

        CLASS   FARRAM         

        CLASS   CONFIG         
                config                           300000   300000        E         0

        CLASS   IDLOC          
                idloc                            200000   200000        8         0

        CLASS   EEDATA         



SEGMENTS        Name                           Load    Length   Top    Selector   Space  Class

                reset_vec                      000000  000004  000004         0       0  CODE    
                cstackCOMRAM                   000001  000048  000049         1       1  COMRAM  
                intcode                        000008  00010E  000116         4       0  CODE    
                bssBANK0                       000060  00004A  0000AA        60       1  BANK0   
                bssBANK1                       000100  000100  000200       100       1  BANK1   
                bssBANK2                       000200  000100  000300       200       1  BANK2   
                smallconst                     001000  0000F8  0010F8       800       0  SMALLCON
                text0                          0010F8  000961  001A59       87C       0  CODE    
                idloc                          200000  000008  200008    200000       0  IDLOC   
                config                         300000  00000E  30000E    300000       0  CONFIG  


UNUSED ADDRESS RANGES

        Name                Unused          Largest block    Delta
        BANK0            0000AA-0000FF               56
        BANK10           000A00-000AFF              100
        BANK11           000B00-000BFF              100
        BANK12           000C00-000CFF              100
        BANK13           000D00-000DFF              100
        BANK14           000E00-000EFF              100
        BANK15           000F00-000F37               38
        BANK3            000300-0003FF              100
        BANK4            000400-0004FF              100
        BANK5            000500-0005FF              100
        BANK6            000600-0006FF              100
        BANK7            000700-0007FF              100
        BANK8            000800-0008FF              100
        BANK9            000900-0009FF              100
        BIGRAM           000049-00005F               17
                         0000AA-0000FF               56
                         000300-000F37              C38
        CODE             000004-000007                4
                         000116-000FFF              EEA
                         001A59-00FFFF             E5A7
        COMRAM           000049-00005F               17
        CONST            000004-000007                4
                         000116-000FFF              EEA
                         001A59-00FFFF             E5A7
        EEDATA           F00000-F003FF              400
        MEDIUMCONST      001A59-00FFFF             E5A7
        RAM              0000AA-0000FF               56
                         000300-000F37              100
        SFR              000F38-000FFF               28
        SMALLCONST       001A59-00FFFF              100
        STACK            000300-0009FF              700

                                  Symbol Table

ADC_init@channel                      cstackBANK0  000090
I2C_ack@channel                       cstackBANK0  000090
I2C_getByteFromAddress@address        cstackBANK0  00009E
I2C_getByteFromAddress@b              cstackBANK0  0000A3
I2C_getByteFromAddress@channel        cstackBANK0  00009A
I2C_getByteFromAddress@device_address cstackBANK0  00009C
I2C_getByteFromAddress@page           cstackBANK0  00009D
I2C_init@channel                      cstackBANK0  000090
I2C_nack@channel                      cstackBANK0  000090
I2C_putByteAtAddress@address          cstackCOMRAM 00000E
I2C_putByteAtAddress@byte             cstackCOMRAM 000010
I2C_putByteAtAddress@channel          cstackCOMRAM 00000A
I2C_putByteAtAddress@device_address   cstackCOMRAM 00000C
I2C_putByteAtAddress@page             cstackCOMRAM 00000D
I2C_readByte@ack                      cstackBANK0  000096
I2C_readByte@channel                  cstackBANK0  000094
I2C_readByte@temp                     cstackBANK0  000099
I2C_start@channel                     cstackBANK0  000094
I2C_stop@channel                      cstackBANK0  000094
I2C_wait@channel                      cstackBANK0  000090
I2C_writeByte@b                       cstackBANK0  000098
I2C_writeByte@channel                 cstackBANK0  000094
ISRHandler@c                          cstackCOMRAM 000023
ISRHandler@i                          cstackCOMRAM 000024
USART_getChar@channel                 cstackCOMRAM 000001
USART_init@baudConfig                 cstackBANK0  000096
USART_init@baudrate                   cstackBANK0  000092
USART_init@channel                    cstackBANK0  000090
USART_putChar@c                       cstackBANK0  000094
USART_putChar@channel                 cstackBANK0  000090
USART_putLine@channel                 cstackBANK0  000098
USART_putLine@line                    cstackBANK0  000096
USART_putString@channel               cstackBANK0  000092
USART_putString@string                cstackBANK0  000090
_ADCON0                               (abs)        000FC2
_ADCON1                               (abs)        000FC1
_ADCON2bits                           (abs)        000FC0
_ADC_init                             text18       001A26
_ANSELAbits                           (abs)        000F38
_ANSELC                               (abs)        000F3A
_ANSELCbits                           (abs)        000F3A
_ANSELEbits                           (abs)        000F3C
_BAUDCON1bits                         (abs)        000FB8
_BAUDCON2bits                         (abs)        000F70
_CCP1CON                              (abs)        000FBD
_CCPR1L                               (abs)        000FBE
_EEADR                                (abs)        000FA9
_EEADRH                               (abs)        000FAA
_EECON1bits                           (abs)        000FA6
_EECON2                               (abs)        000FA7
_EEDATA                               (abs)        000FA8
_GIE                                  (abs)        007F97
_GPIO_init                            text17       0019BA
_HW_init                              text12       00174E
_I2C_ack                              text11       001984
_I2C_getByteFromAddress               text4        0014AC
_I2C_init                             text16       0016B6
_I2C_nack                             text10       00194E
_I2C_putByteAtAddress                 text21       00154C
_I2C_readByte                         text8        001408
_I2C_start                            text7        001862
_I2C_stop                             text6        001820
_I2C_wait                             text9        001664
_I2C_writeByte                        text5        00160E
_INTCONbits                           (abs)        000FF2
_IPEN                                 (abs)        007E87
_IRQ_init                             text15       001A4E
_ISRHandler                           intcode      000008
_OSCCONbits                           (abs)        000FD3
_OSC_init                             text14       001A44
_PEIE                                 (abs)        007F96
_PIE1bits                             (abs)        000F9D
_PIE3bits                             (abs)        000FA3
_PLLEN                                (abs)        007CDE
_PR2                                  (abs)        000FBB
_PR4                                  (abs)        000F52
_RC1IE                                (abs)        007CED
_RC1IF                                (abs)        007CF5
_RC2IF                                (abs)        007D25
_RCIE                                 (abs)        007CED
_RCREG1                               (abs)        000FAE
_RCREG2                               (abs)        000F74
_RCSTA1bits                           (abs)        000FAB
_RCSTA2bits                           (abs)        000F71
_SPBRG1                               (abs)        000FAF
_SPBRG2                               (abs)        000F75
_SSP1ADD                              (abs)        000FC8
_SSP1BUF                              (abs)        000FC9
_SSP1CON1                             (abs)        000FC6
_SSP1CON2                             (abs)        000FC5
_SSP1CON2bits                         (abs)        000FC5
_SSP1STAT                             (abs)        000FC7
_SSP2ADD                              (abs)        000F6E
_SSP2BUF                              (abs)        000F6F
_SSP2CON1                             (abs)        000F6C
_SSP2CON2                             (abs)        000F6B
_SSP2CON2bits                         (abs)        000F6B
_SSP2STAT                             (abs)        000F6D
_SSP2STATbits                         (abs)        000F6D
_T2CONbits                            (abs)        000FBA
_T4CON                                (abs)        000F51
_TRISAbits                            (abs)        000F92
_TRISBbits                            (abs)        000F93
_TRISCbits                            (abs)        000F94
_TRISEbits                            (abs)        000F96
_TRMT1                                (abs)        007D61
_TRMT2                                (abs)        007B91
_TX1IF                                (abs)        007CF4
_TX1REG                               (abs)        000FAD
_TX2IF                                (abs)        007D24
_TX2REG                               (abs)        000F73
_TXREG1                               (abs)        000FAD
_TXREG2                               (abs)        000F73
_TXSTA1bits                           (abs)        000FAC
_TXSTA2bits                           (abs)        000F72
_USART_getChar                        text20       0019F0
_USART_init                           text13       001228
_USART_putChar                        text3        0017DE
_USART_putLine                        text1        001918
_USART_putString                      text2        00131E
_VREFCON0bits                         (abs)        000F42
__CFG_BOREN$SBORDIS                   (abs)        000000
__CFG_BORV$190                        (abs)        000000
__CFG_CCP2MX$PORTC1                   (abs)        000000
__CFG_CCP3MX$PORTB5                   (abs)        000000
__CFG_CP0$OFF                         (abs)        000000
__CFG_CP1$OFF                         (abs)        000000
__CFG_CP2$OFF                         (abs)        000000
__CFG_CP3$OFF                         (abs)        000000
__CFG_CPB$OFF                         (abs)        000000
__CFG_CPD$OFF                         (abs)        000000
__CFG_EBTR0$OFF                       (abs)        000000
__CFG_EBTR1$OFF                       (abs)        000000
__CFG_EBTR2$OFF                       (abs)        000000
__CFG_EBTR3$OFF                       (abs)        000000
__CFG_EBTRB$OFF                       (abs)        000000
__CFG_FCMEN$OFF                       (abs)        000000
__CFG_FOSC$INTIO7                     (abs)        000000
__CFG_HFOFST$ON                       (abs)        000000
__CFG_IESO$OFF                        (abs)        000000
__CFG_LVP$OFF                         (abs)        000000
__CFG_MCLRE$EXTMCLR                   (abs)        000000
__CFG_P2BMX$PORTD2                    (abs)        000000
__CFG_PBADEN$ON                       (abs)        000000
__CFG_PLLCFG$OFF                      (abs)        000000
__CFG_PRICLKEN$ON                     (abs)        000000
__CFG_PWRTEN$OFF                      (abs)        000000
__CFG_STVREN$ON                       (abs)        000000
__CFG_T3CMX$PORTC0                    (abs)        000000
__CFG_WDTEN$ON                        (abs)        000000
__CFG_WDTPS$32768                     (abs)        000000
__CFG_WRT0$OFF                        (abs)        000000
__CFG_WRT1$OFF                        (abs)        000000
__CFG_WRT2$OFF                        (abs)        000000
__CFG_WRT3$OFF                        (abs)        000000
__CFG_WRTB$OFF                        (abs)        000000
__CFG_WRTC$OFF                        (abs)        000000
__CFG_WRTD$OFF                        (abs)        000000
__CFG_XINST$OFF                       (abs)        000000
__HRAM                                (abs)        000000
__Habs1                               abs1         000000
__Hbank0                              bank0        000000
__Hbank1                              bank1        000000
__Hbank10                             bank10       000000
__Hbank11                             bank11       000000
__Hbank12                             bank12       000000
__Hbank13                             bank13       000000
__Hbank14                             bank14       000000
__Hbank15                             bank15       000000
__Hbank2                              bank2        000000
__Hbank3                              bank3        000000
__Hbank4                              bank4        000000
__Hbank5                              bank5        000000
__Hbank6                              bank6        000000
__Hbank7                              bank7        000000
__Hbank8                              bank8        000000
__Hbank9                              bank9        000000
__Hbigbss                             bigbss       000000
__Hbigdata                            bigdata      000000
__Hbigram                             bigram       000000
__Hbss                                bss          000000
__HbssBANK0                           bssBANK0     000000
__HbssBANK1                           bssBANK1     000000
__HbssBANK2                           bssBANK2     000000
__HbssCOMRAM                          bssCOMRAM    000000
__Hcinit                              cinit        000000
__Hclrtext                            clrtext      000000
__Hcomram                             comram       000000
__Hconfig                             config       30000E
__Hconst                              const        000000
__HcstackBANK0                        cstackBANK0  000000
__HcstackCOMRAM                       cstackCOMRAM 000000
__Hdata                               data         000000
__HdataCOMRAM                         dataCOMRAM   000000
__Heeprom_data                        eeprom_data  000000
__Hend_init                           end_init     000116
__Hfarbss                             farbss       000000
__Hfardata                            fardata      000000
__Hibigdata                           ibigdata     000000
__Hidata                              idata        000000
__HidataCOMRAM                        idataCOMRAM  000000
__Hidloc                              idloc        200008
__Hifardata                           ifardata     000000
__Hinit                               init         000112
__Hintcode                            intcode      000112
__Hintcode_body                       intcode_body 000000
__Hintcodelo                          intcodelo    000112
__Hintentry                           intentry     000000
__Hintret                             intret       000000
__Hintsave_regs                       intsave_regs 000000
__Hirdata                             irdata       000000
__Hmediumconst                        mediumconst  000000
__HnvFARRAM                           nvFARRAM     000000
__Hnvbit                              nvbit        000000
__Hnvrram                             nvrram       000000
__Hparam                              rparam       000000
__Hpowerup                            powerup      000112
__Hram                                ram          000000
__Hramtop                             ramtop       001000
__Hrbit                               rbit         000000
__Hrbss                               rbss         000000
__Hrdata                              rdata        000000
__Hreset_vec                          reset_vec    000004
__Hrparam                             rparam       000000
__Hsfr                                sfr          000000
__Hsmallconst                         smallconst   0010F8
__Hspace_0                            (abs)        30000E
__Hspace_1                            (abs)        000300
__Hspace_2                            (abs)        000000
__Hstack                              stack        000000
__Hstruct                             struct       000000
__Htemp                               temp         000000
__Htext                               text         000000
__Htext0                              text0        000000
__Htext1                              text1        000000
__Htext10                             text10       000000
__Htext11                             text11       000000
__Htext12                             text12       000000
__Htext13                             text13       000000
__Htext14                             text14       000000
__Htext15                             text15       000000
__Htext16                             text16       000000
__Htext17                             text17       000000
__Htext18                             text18       000000
__Htext2                              text2        000000
__Htext20                             text20       000000
__Htext21                             text21       000000
__Htext22                             text22       000000
__Htext23                             text23       000000
__Htext24                             text24       000000
__Htext25                             text25       000000
__Htext3                              text3        000000
__Htext4                              text4        000000
__Htext5                              text5        000000
__Htext6                              text6        000000
__Htext7                              text7        000000
__Htext8                              text8        000000
__Htext9                              text9        000000
__LRAM                                (abs)        000001
__Labs1                               abs1         000000
__Lbank0                              bank0        000000
__Lbank1                              bank1        000000
__Lbank10                             bank10       000000
__Lbank11                             bank11       000000
__Lbank12                             bank12       000000
__Lbank13                             bank13       000000
__Lbank14                             bank14       000000
__Lbank15                             bank15       000000
__Lbank2                              bank2        000000
__Lbank3                              bank3        000000
__Lbank4                              bank4        000000
__Lbank5                              bank5        000000
__Lbank6                              bank6        000000
__Lbank7                              bank7        000000
__Lbank8                              bank8        000000
__Lbank9                              bank9        000000
__Lbigbss                             bigbss       000000
__Lbigdata                            bigdata      000000
__Lbigram                             bigram       000000
__Lbss                                bss          000000
__LbssBANK0                           bssBANK0     000000
__LbssBANK1                           bssBANK1     000000
__LbssBANK2                           bssBANK2     000000
__LbssCOMRAM                          bssCOMRAM    000000
__Lcinit                              cinit        000000
__Lclrtext                            clrtext      000000
__Lcomram                             comram       000000
__Lconfig                             config       300000
__Lconst                              const        000000
__LcstackBANK0                        cstackBANK0  000000
__LcstackCOMRAM                       cstackCOMRAM 000000
__Ldata                               data         000000
__LdataCOMRAM                         dataCOMRAM   000000
__Leeprom_data                        eeprom_data  000000
__Lend_init                           end_init     000112
__Lfarbss                             farbss       000000
__Lfardata                            fardata      000000
__Libigdata                           ibigdata     000000
__Lidata                              idata        000000
__LidataCOMRAM                        idataCOMRAM  000000
__Lidloc                              idloc        200000
__Lifardata                           ifardata     000000
__Linit                               init         000112
__Lintcode                            intcode      000008
__Lintcode_body                       intcode_body 000000
__Lintcodelo                          intcodelo    000112
__Lintentry                           intentry     000000
__Lintret                             intret       000000
__Lintsave_regs                       intsave_regs 000000
__Lirdata                             irdata       000000
__Lmediumconst                        mediumconst  000000
__LnvFARRAM                           nvFARRAM     000000
__Lnvbit                              nvbit        000000
__Lnvrram                             nvrram       000000
__Lparam                              rparam       000000
__Lpowerup                            powerup      000112
__Lram                                ram          000000
__Lramtop                             ramtop       001000
__Lrbit                               rbit         000000
__Lrbss                               rbss         000000
__Lrdata                              rdata        000000
__Lreset_vec                          reset_vec    000000
__Lrparam                             rparam       000000
__Lsfr                                sfr          000000
__Lsmallconst                         smallconst   001000
__Lspace_0                            (abs)        000000
__Lspace_1                            (abs)        000000
__Lspace_2                            (abs)        000000
__Lstack                              stack        000000
__Lstruct                             struct       000000
__Ltemp                               temp         000000
__Ltext                               text         000000
__Ltext0                              text0        000000
__Ltext1                              text1        000000
__Ltext10                             text10       000000
__Ltext11                             text11       000000
__Ltext12                             text12       000000
__Ltext13                             text13       000000
__Ltext14                             text14       000000
__Ltext15                             text15       000000
__Ltext16                             text16       000000
__Ltext17                             text17       000000
__Ltext18                             text18       000000
__Ltext2                              text2        000000
__Ltext20                             text20       000000
__Ltext21                             text21       000000
__Ltext22                             text22       000000
__Ltext23                             text23       000000
__Ltext24                             text24       000000
__Ltext25                             text25       000000
__Ltext3                              text3        000000
__Ltext4                              text4        000000
__Ltext5                              text5        000000
__Ltext6                              text6        000000
__Ltext7                              text7        000000
__Ltext8                              text8        000000
__Ltext9                              text9        000000
__S0                                  (abs)        30000E
__S1                                  (abs)        000300
__S2                                  (abs)        000000
___inthi_sp                           stack        000000
___intlo_sp                           stack        000000
___sp                                 stack        000000
__accesstop                           (abs)        000060
__activetblptr                        (abs)        000002
__end_of_ADC_init                     text18       001A44
__end_of_GPIO_init                    text17       0019F0
__end_of_HW_init                      text12       001798
__end_of_I2C_ack                      text11       0019BA
__end_of_I2C_getByteFromAddress       text4        00154C
__end_of_I2C_init                     text16       001702
__end_of_I2C_nack                     text10       001984
__end_of_I2C_putByteAtAddress         text21       0015B2
__end_of_I2C_readByte                 text8        0014AC
__end_of_I2C_start                    text7        0018A4
__end_of_I2C_stop                     text6        001862
__end_of_I2C_wait                     text9        0016B6
__end_of_I2C_writeByte                text5        001664
__end_of_IRQ_init                     text15       001A58
__end_of_ISRHandler                   intcode      000112
__end_of_OSC_init                     text14       001A4E
__end_of_USART_getChar                text20       001A26
__end_of_USART_init                   text13       00131E
__end_of_USART_putChar                text3        001820
__end_of_USART_putLine                text1        00194E
__end_of_USART_putString              text2        001408
__end_of__initialization              cinit        001604
__end_of__stringdata                  smallconst   0010F6
__end_of_dpowers                      smallconst   00100B
__end_of_main                         text0        001228
__end_ofi2_I2C_start                  text24       001918
__end_ofi2_I2C_stop                   text23       0018DE
__end_ofi2_I2C_wait                   text25       0017DE
__end_ofi2_I2C_writeByte              text22       00174E
__initialization                      cinit        0015B2
__mediumconst                         mediumconst  000000
__pbssBANK0                           bssBANK0     000060
__pbssBANK1                           bssBANK1     000100
__pbssBANK2                           bssBANK2     000200
__pbssCOMRAM                          bssCOMRAM    000026
__pcinit                              cinit        0015B2
__pcstackBANK0                        cstackBANK0  000090
__pcstackCOMRAM                       cstackCOMRAM 000001
__pdataCOMRAM                         dataCOMRAM   000048
__pidataCOMRAM                        idataCOMRAM  001A58
__pintcode                            intcode      000008
__psmallconst                         smallconst   001000
__ptext0                              text0        0010F8
__ptext1                              text1        001918
__ptext10                             text10       00194E
__ptext11                             text11       001984
__ptext12                             text12       00174E
__ptext13                             text13       001228
__ptext14                             text14       001A44
__ptext15                             text15       001A4E
__ptext16                             text16       0016B6
__ptext17                             text17       0019BA
__ptext18                             text18       001A26
__ptext2                              text2        00131E
__ptext20                             text20       0019F0
__ptext21                             text21       00154C
__ptext22                             text22       001702
__ptext23                             text23       0018A4
__ptext24                             text24       0018DE
__ptext25                             text25       001798
__ptext3                              text3        0017DE
__ptext4                              text4        0014AC
__ptext5                              text5        00160E
__ptext6                              text6        001820
__ptext7                              text7        001862
__ptext8                              text8        001408
__ptext9                              text9        001664
__ramtop                              ramtop       001000
__size_of_ADC_init                    (abs)        000000
__size_of_GPIO_init                   (abs)        000000
__size_of_HW_init                     (abs)        000000
__size_of_I2C_ack                     (abs)        000000
__size_of_I2C_getByteFromAddress      (abs)        000000
__size_of_I2C_init                    (abs)        000000
__size_of_I2C_nack                    (abs)        000000
__size_of_I2C_putByteAtAddress        (abs)        000000
__size_of_I2C_readByte                (abs)        000000
__size_of_I2C_start                   (abs)        000000
__size_of_I2C_stop                    (abs)        000000
__size_of_I2C_wait                    (abs)        000000
__size_of_I2C_writeByte               (abs)        000000
__size_of_IRQ_init                    (abs)        000000
__size_of_ISRHandler                  (abs)        000000
__size_of_OSC_init                    (abs)        000000
__size_of_USART_getChar               (abs)        000000
__size_of_USART_init                  (abs)        000000
__size_of_USART_putChar               (abs)        000000
__size_of_USART_putLine               (abs)        000000
__size_of_USART_putString             (abs)        000000
__size_of_main                        (abs)        000000
__size_ofi2_I2C_start                 (abs)        000000
__size_ofi2_I2C_stop                  (abs)        000000
__size_ofi2_I2C_wait                  (abs)        000000
__size_ofi2_I2C_writeByte             (abs)        000000
__smallconst                          smallconst   001000
__stringdata                          smallconst   00100B
_a                                    bssCOMRAM    000041
_addr                                 bssBANK0     000060
_currentLine                          bssBANK1     000100
_data                                 dataCOMRAM   000048
_delta_u                              bssCOMRAM    000026
_dpowers                              smallconst   001001
_e                                    bssCOMRAM    000029
_e1                                   bssCOMRAM    00002C
_e2                                   bssCOMRAM    00002F
_i2cread                              bssCOMRAM    000045
_index                                bssCOMRAM    000043
_k1                                   bssCOMRAM    000032
_k2                                   bssCOMRAM    000035
_k3                                   bssCOMRAM    000038
_kd                                   bssBANK0     000064
_ki                                   bssBANK0     000067
_kp                                   bssBANK0     00006A
_main                                 text0        0010F8
_rx1                                  bssCOMRAM    000046
_rx2                                  bssCOMRAM    000047
_setpoint                             bssBANK0     00006D
_str                                  bssBANK0     000070
_temp                                 bssBANK2     000200
_u                                    bssCOMRAM    00003B
_y                                    bssCOMRAM    00003E
end_of_initialization                 cinit        001604
i2I2C_start@channel                   cstackCOMRAM 000005
i2I2C_stop@channel                    cstackCOMRAM 000005
i2I2C_wait@channel                    cstackCOMRAM 000001
i2I2C_writeByte@b                     cstackCOMRAM 000009
i2I2C_writeByte@channel               cstackCOMRAM 000005
i2_I2C_start                          text24       0018DE
i2_I2C_stop                           text23       0018A4
i2_I2C_wait                           text25       001798
i2_I2C_writeByte                      text22       001702
intlevel0                             text         000000
intlevel1                             text         000000
intlevel2                             text         000000
intlevel3                             text         000000
main@i                                cstackBANK0  0000A6
main@i_65                             cstackBANK0  0000A8
main@t                                cstackBANK0  0000A5
stackhi                               (abs)        0009FF
stacklo                               (abs)        000300
start                                 init         000112
start_initialization                  cinit        0015B2


FUNCTION INFORMATION:

 *************** function _main *****************
 Defined at:
		line 34 in file "main.c"
 Parameters:    Size  Location     Type
		None
 Auto vars:     Size  Location     Type
  i               2   24[BANK0 ] unsigned int 
  i               2   22[BANK0 ] int 
  t               1   21[BANK0 ] unsigned char 
 Return value:  Size  Location     Type
		None               void
 Registers used:
		wreg, fsr0l, fsr0h, status,2, status,0, tblptrl, tblptrh, tblptru, cstack
 Tracked objects:
		On entry : 
		On exit  : 
		Unchanged: 
 Data sizes:     COMRAM   BANK0   BANK1   BANK2   BANK3   BANK4   BANK5   BANK6   BANK7   BANK8   BANK9  BANK10  BANK11  BANK12  BANK13  BANK14  BANK15
      Params:         0       0       0       0       0       0       0       0       0       0       0       0       0       0       0       0       0
      Locals:         0       5       0       0       0       0       0       0       0       0       0       0       0       0       0       0       0
      Temps:          0       1       0       0       0       0       0       0       0       0       0       0       0       0       0       0       0
      Totals:         0       6       0       0       0       0       0       0       0       0       0       0       0       0       0       0       0
Total ram usage:        6 bytes
 Hardware stack levels required when called:    7
 This function calls:
		_HW_init
		_I2C_getByteFromAddress
		_USART_putChar
		_USART_putLine
 This function is called by:
		Startup code after reset
 This function uses a non-reentrant model


 *************** function _USART_putLine *****************
 Defined at:
		line 99 in file "usart.c"
 Parameters:    Size  Location     Type
  line            2    6[BANK0 ] PTR const unsigned char 
		 -> str(32), STR_10(28), STR_9(28), STR_8(29), 
		 -> STR_7(50), UART_putInt@buffer(128), STR_5(1), STR_4(19), 
		 -> STR_3(22), STR_2(21), STR_1(32), 
  channel         2    8[BANK0 ] unsigned int 
 Auto vars:     Size  Location     Type
		None
 Return value:  Size  Location     Type
		None               void
 Registers used:
		wreg, fsr0l, fsr0h, status,2, status,0, tblptrl, tblptrh, tblptru, cstack
 Tracked objects:
		On entry : 
		On exit  : 
		Unchanged: 
 Data sizes:     COMRAM   BANK0   BANK1   BANK2   BANK3   BANK4   BANK5   BANK6   BANK7   BANK8   BANK9  BANK10  BANK11  BANK12  BANK13  BANK14  BANK15
      Params:         0       4       0       0       0       0       0       0       0       0       0       0       0       0       0       0       0
      Locals:         0       0       0       0       0       0       0       0       0       0       0       0       0       0       0       0       0
      Temps:          0       0       0       0       0       0       0       0       0       0       0       0       0       0       0       0       0
      Totals:         0       4       0       0       0       0       0       0       0       0       0       0       0       0       0       0       0
Total ram usage:        4 bytes
 Hardware stack levels used:    1
 Hardware stack levels required when called:    5
 This function calls:
		_USART_putChar
		_USART_putString
 This function is called by:
		_main
		_USART_putCharLine
		_UART_putInt
		_EEPROM_writeWord
		_I2C_writeEEPROMPage
		_I2C_readEEPROMPage
 This function uses a non-reentrant model


 *************** function _USART_putString *****************
 Defined at:
		line 68 in file "usart.c"
 Parameters:    Size  Location     Type
  string          2    0[BANK0 ] PTR const unsigned char 
		 -> str(32), STR_10(28), STR_9(28), STR_8(29), 
		 -> STR_7(50), UART_putInt@buffer(128), STR_5(1), STR_4(19), 
		 -> STR_3(22), STR_2(21), STR_1(32), 
  channel         2    2[BANK0 ] unsigned int 
 Auto vars:     Size  Location     Type
		None
 Return value:  Size  Location     Type
		None               void
 Registers used:
		wreg, fsr0l, fsr0h, status,2, status,0, tblptrl, tblptrh, tblptru
 Tracked objects:
		On entry : 
		On exit  : 
		Unchanged: 
 Data sizes:     COMRAM   BANK0   BANK1   BANK2   BANK3   BANK4   BANK5   BANK6   BANK7   BANK8   BANK9  BANK10  BANK11  BANK12  BANK13  BANK14  BANK15
      Params:         0       4       0       0       0       0       0       0       0       0       0       0       0       0       0       0       0
      Locals:         0       0       0       0       0       0       0       0       0       0       0       0       0       0       0       0       0
      Temps:          0       2       0       0       0       0       0       0       0       0       0       0       0       0       0       0       0
      Totals:         0       6       0       0       0       0       0       0       0       0       0       0       0       0       0       0       0
Total ram usage:        6 bytes
 Hardware stack levels used:    1
 Hardware stack levels required when called:    4
 This function calls:
		Nothing
 This function is called by:
		_USART_putLine
 This function uses a non-reentrant model


 *************** function _USART_putChar *****************
 Defined at:
		line 5 in file "usart.c"
 Parameters:    Size  Location     Type
  c               1    wreg     unsigned char 
  channel         2    0[BANK0 ] unsigned int 
 Auto vars:     Size  Location     Type
  c               1    4[BANK0 ] unsigned char 
 Return value:  Size  Location     Type
		None               void
 Registers used:
		wreg, status,2, status,0
 Tracked objects:
		On entry : 
		On exit  : 
		Unchanged: 
 Data sizes:     COMRAM   BANK0   BANK1   BANK2   BANK3   BANK4   BANK5   BANK6   BANK7   BANK8   BANK9  BANK10  BANK11  BANK12  BANK13  BANK14  BANK15
      Params:         0       2       0       0       0       0       0       0       0       0       0       0       0       0       0       0       0
      Locals:         0       1       0       0       0       0       0       0       0       0       0       0       0       0       0       0       0
      Temps:          0       2       0       0       0       0       0       0       0       0       0       0       0       0       0       0       0
      Totals:         0       5       0       0       0       0       0       0       0       0       0       0       0       0       0       0       0
Total ram usage:        5 bytes
 Hardware stack levels used:    1
 Hardware stack levels required when called:    4
 This function calls:
		Nothing
 This function is called by:
		_main
		_USART_putLine
 This function uses a non-reentrant model


 *************** function _I2C_getByteFromAddress *****************
 Defined at:
		line 267 in file "i2c.c"
 Parameters:    Size  Location     Type
  channel         2   10[BANK0 ] unsigned int 
  device_addre    1   12[BANK0 ] unsigned char 
  page            1   13[BANK0 ] unsigned char 
  address         2   14[BANK0 ] unsigned int 
 Auto vars:     Size  Location     Type
  b               1   19[BANK0 ] unsigned char 
 Return value:  Size  Location     Type
                  1    wreg      unsigned char 
 Registers used:
		wreg, status,2, status,0, cstack
 Tracked objects:
		On entry : 
		On exit  : 
		Unchanged: 
 Data sizes:     COMRAM   BANK0   BANK1   BANK2   BANK3   BANK4   BANK5   BANK6   BANK7   BANK8   BANK9  BANK10  BANK11  BANK12  BANK13  BANK14  BANK15
      Params:         0       6       0       0       0       0       0       0       0       0       0       0       0       0       0       0       0
      Locals:         0       1       0       0       0       0       0       0       0       0       0       0       0       0       0       0       0
      Temps:          0       3       0       0       0       0       0       0       0       0       0       0       0       0       0       0       0
      Totals:         0      10       0       0       0       0       0       0       0       0       0       0       0       0       0       0       0
Total ram usage:       10 bytes
 Hardware stack levels used:    1
 Hardware stack levels required when called:    6
 This function calls:
		_I2C_readByte
		_I2C_start
		_I2C_stop
		_I2C_writeByte
 This function is called by:
		_main
 This function uses a non-reentrant model


 *************** function _I2C_writeByte *****************
 Defined at:
		line 112 in file "i2c.c"
 Parameters:    Size  Location     Type
  b               1    wreg     unsigned char 
  channel         2    4[BANK0 ] unsigned int 
 Auto vars:     Size  Location     Type
  b               1    8[BANK0 ] unsigned char 
 Return value:  Size  Location     Type
		None               void
 Registers used:
		wreg, status,2, status,0, cstack
 Tracked objects:
		On entry : 
		On exit  : 
		Unchanged: 
 Data sizes:     COMRAM   BANK0   BANK1   BANK2   BANK3   BANK4   BANK5   BANK6   BANK7   BANK8   BANK9  BANK10  BANK11  BANK12  BANK13  BANK14  BANK15
      Params:         0       2       0       0       0       0       0       0       0       0       0       0       0       0       0       0       0
      Locals:         0       1       0       0       0       0       0       0       0       0       0       0       0       0       0       0       0
      Temps:          0       2       0       0       0       0       0       0       0       0       0       0       0       0       0       0       0
      Totals:         0       5       0       0       0       0       0       0       0       0       0       0       0       0       0       0       0
Total ram usage:        5 bytes
 Hardware stack levels used:    1
 Hardware stack levels required when called:    5
 This function calls:
		_I2C_wait
 This function is called by:
		_I2C_getByteFromAddress
		_I2C_putBytesPage
		_I2C_getBytesPage
 This function uses a non-reentrant model


 *************** function _I2C_stop *****************
 Defined at:
		line 42 in file "i2c.c"
 Parameters:    Size  Location     Type
  channel         2    4[BANK0 ] unsigned int 
 Auto vars:     Size  Location     Type
		None
 Return value:  Size  Location     Type
		None               void
 Registers used:
		wreg, status,2, status,0, cstack
 Tracked objects:
		On entry : 
		On exit  : 
		Unchanged: 
 Data sizes:     COMRAM   BANK0   BANK1   BANK2   BANK3   BANK4   BANK5   BANK6   BANK7   BANK8   BANK9  BANK10  BANK11  BANK12  BANK13  BANK14  BANK15
      Params:         0       2       0       0       0       0       0       0       0       0       0       0       0       0       0       0       0
      Locals:         0       0       0       0       0       0       0       0       0       0       0       0       0       0       0       0       0
      Temps:          0       2       0       0       0       0       0       0       0       0       0       0       0       0       0       0       0
      Totals:         0       4       0       0       0       0       0       0       0       0       0       0       0       0       0       0       0
Total ram usage:        4 bytes
 Hardware stack levels used:    1
 Hardware stack levels required when called:    5
 This function calls:
		_I2C_wait
 This function is called by:
		_I2C_getByteFromAddress
		_I2C_writeEEPROMPage
		_I2C_readEEPROMPage
 This function uses a non-reentrant model


 *************** function _I2C_start *****************
 Defined at:
		line 8 in file "i2c.c"
 Parameters:    Size  Location     Type
  channel         2    4[BANK0 ] unsigned int 
 Auto vars:     Size  Location     Type
		None
 Return value:  Size  Location     Type
		None               void
 Registers used:
		wreg, status,2, status,0, cstack
 Tracked objects:
		On entry : 
		On exit  : 
		Unchanged: 
 Data sizes:     COMRAM   BANK0   BANK1   BANK2   BANK3   BANK4   BANK5   BANK6   BANK7   BANK8   BANK9  BANK10  BANK11  BANK12  BANK13  BANK14  BANK15
      Params:         0       2       0       0       0       0       0       0       0       0       0       0       0       0       0       0       0
      Locals:         0       0       0       0       0       0       0       0       0       0       0       0       0       0       0       0       0
      Temps:          0       2       0       0       0       0       0       0       0       0       0       0       0       0       0       0       0
      Totals:         0       4       0       0       0       0       0       0       0       0       0       0       0       0       0       0       0
Total ram usage:        4 bytes
 Hardware stack levels used:    1
 Hardware stack levels required when called:    5
 This function calls:
		_I2C_wait
 This function is called by:
		_I2C_getByteFromAddress
		_I2C_putBytesPage
		_I2C_getBytesPage
 This function uses a non-reentrant model


 *************** function _I2C_readByte *****************
 Defined at:
		line 131 in file "i2c.c"
 Parameters:    Size  Location     Type
  channel         2    4[BANK0 ] unsigned int 
  ack             1    6[BANK0 ] unsigned char 
 Auto vars:     Size  Location     Type
  temp            1    9[BANK0 ] unsigned char 
 Return value:  Size  Location     Type
                  1    wreg      unsigned char 
 Registers used:
		wreg, status,2, status,0, cstack
 Tracked objects:
		On entry : 
		On exit  : 
		Unchanged: 
 Data sizes:     COMRAM   BANK0   BANK1   BANK2   BANK3   BANK4   BANK5   BANK6   BANK7   BANK8   BANK9  BANK10  BANK11  BANK12  BANK13  BANK14  BANK15
      Params:         0       3       0       0       0       0       0       0       0       0       0       0       0       0       0       0       0
      Locals:         0       1       0       0       0       0       0       0       0       0       0       0       0       0       0       0       0
      Temps:          0       2       0       0       0       0       0       0       0       0       0       0       0       0       0       0       0
      Totals:         0       6       0       0       0       0       0       0       0       0       0       0       0       0       0       0       0
Total ram usage:        6 bytes
 Hardware stack levels used:    1
 Hardware stack levels required when called:    5
 This function calls:
		_I2C_ack
		_I2C_nack
		_I2C_wait
 This function is called by:
		_I2C_getByteFromAddress
		_I2C_getBytesPage
 This function uses a non-reentrant model


 *************** function _I2C_wait *****************
 Defined at:
		line 97 in file "i2c.c"
 Parameters:    Size  Location     Type
  channel         2    0[BANK0 ] unsigned int 
 Auto vars:     Size  Location     Type
		None
 Return value:  Size  Location     Type
		None               void
 Registers used:
		wreg, status,2, status,0
 Tracked objects:
		On entry : 
		On exit  : 
		Unchanged: 
 Data sizes:     COMRAM   BANK0   BANK1   BANK2   BANK3   BANK4   BANK5   BANK6   BANK7   BANK8   BANK9  BANK10  BANK11  BANK12  BANK13  BANK14  BANK15
      Params:         0       2       0       0       0       0       0       0       0       0       0       0       0       0       0       0       0
      Locals:         0       0       0       0       0       0       0       0       0       0       0       0       0       0       0       0       0
      Temps:          0       2       0       0       0       0       0       0       0       0       0       0       0       0       0       0       0
      Totals:         0       4       0       0       0       0       0       0       0       0       0       0       0       0       0       0       0
Total ram usage:        4 bytes
 Hardware stack levels used:    1
 Hardware stack levels required when called:    4
 This function calls:
		Nothing
 This function is called by:
		_I2C_start
		_I2C_stop
		_I2C_writeByte
		_I2C_readByte
		_I2C_restart
 This function uses a non-reentrant model


 *************** function _I2C_nack *****************
 Defined at:
		line 78 in file "i2c.c"
 Parameters:    Size  Location     Type
  channel         2    0[BANK0 ] unsigned int 
 Auto vars:     Size  Location     Type
		None
 Return value:  Size  Location     Type
		None               void
 Registers used:
		wreg, status,2, status,0
 Tracked objects:
		On entry : 
		On exit  : 
		Unchanged: 
 Data sizes:     COMRAM   BANK0   BANK1   BANK2   BANK3   BANK4   BANK5   BANK6   BANK7   BANK8   BANK9  BANK10  BANK11  BANK12  BANK13  BANK14  BANK15
      Params:         0       2       0       0       0       0       0       0       0       0       0       0       0       0       0       0       0
      Locals:         0       0       0       0       0       0       0       0       0       0       0       0       0       0       0       0       0
      Temps:          0       2       0       0       0       0       0       0       0       0       0       0       0       0       0       0       0
      Totals:         0       4       0       0       0       0       0       0       0       0       0       0       0       0       0       0       0
Total ram usage:        4 bytes
 Hardware stack levels used:    1
 Hardware stack levels required when called:    4
 This function calls:
		Nothing
 This function is called by:
		_I2C_readByte
 This function uses a non-reentrant model


 *************** function _I2C_ack *****************
 Defined at:
		line 59 in file "i2c.c"
 Parameters:    Size  Location     Type
  channel         2    0[BANK0 ] unsigned int 
 Auto vars:     Size  Location     Type
		None
 Return value:  Size  Location     Type
		None               void
 Registers used:
		wreg, status,2, status,0
 Tracked objects:
		On entry : 
		On exit  : 
		Unchanged: 
 Data sizes:     COMRAM   BANK0   BANK1   BANK2   BANK3   BANK4   BANK5   BANK6   BANK7   BANK8   BANK9  BANK10  BANK11  BANK12  BANK13  BANK14  BANK15
      Params:         0       2       0       0       0       0       0       0       0       0       0       0       0       0       0       0       0
      Locals:         0       0       0       0       0       0       0       0       0       0       0       0       0       0       0       0       0
      Temps:          0       2       0       0       0       0       0       0       0       0       0       0       0       0       0       0       0
      Totals:         0       4       0       0       0       0       0       0       0       0       0       0       0       0       0       0       0
Total ram usage:        4 bytes
 Hardware stack levels used:    1
 Hardware stack levels required when called:    4
 This function calls:
		Nothing
 This function is called by:
		_I2C_readByte
		_I2C_getBytesPage
 This function uses a non-reentrant model


 *************** function _HW_init *****************
 Defined at:
		line 24 in file "system.c"
 Parameters:    Size  Location     Type
		None
 Auto vars:     Size  Location     Type
		None
 Return value:  Size  Location     Type
		None               void
 Registers used:
		wreg, status,2, status,0, cstack
 Tracked objects:
		On entry : 
		On exit  : 
		Unchanged: 
 Data sizes:     COMRAM   BANK0   BANK1   BANK2   BANK3   BANK4   BANK5   BANK6   BANK7   BANK8   BANK9  BANK10  BANK11  BANK12  BANK13  BANK14  BANK15
      Params:         0       0       0       0       0       0       0       0       0       0       0       0       0       0       0       0       0
      Locals:         0       0       0       0       0       0       0       0       0       0       0       0       0       0       0       0       0
      Temps:          0       0       0       0       0       0       0       0       0       0       0       0       0       0       0       0       0
      Totals:         0       0       0       0       0       0       0       0       0       0       0       0       0       0       0       0       0
Total ram usage:        0 bytes
 Hardware stack levels used:    1
 Hardware stack levels required when called:    5
 This function calls:
		_ADC_init
		_GPIO_init
		_I2C_init
		_IRQ_init
		_OSC_init
		_USART_init
 This function is called by:
		_main
 This function uses a non-reentrant model


 *************** function _USART_init *****************
 Defined at:
		line 184 in file "system.c"
 Parameters:    Size  Location     Type
  channel         2    0[BANK0 ] unsigned int 
  baudrate        2    2[BANK0 ] unsigned int 
 Auto vars:     Size  Location     Type
  baudConfig      2    6[BANK0 ] unsigned int 
 Return value:  Size  Location     Type
		None               void
 Registers used:
		wreg, status,2, status,0
 Tracked objects:
		On entry : 
		On exit  : 
		Unchanged: 
 Data sizes:     COMRAM   BANK0   BANK1   BANK2   BANK3   BANK4   BANK5   BANK6   BANK7   BANK8   BANK9  BANK10  BANK11  BANK12  BANK13  BANK14  BANK15
      Params:         0       4       0       0       0       0       0       0       0       0       0       0       0       0       0       0       0
      Locals:         0       2       0       0       0       0       0       0       0       0       0       0       0       0       0       0       0
      Temps:          0       2       0       0       0       0       0       0       0       0       0       0       0       0       0       0       0
      Totals:         0       8       0       0       0       0       0       0       0       0       0       0       0       0       0       0       0
Total ram usage:        8 bytes
 Hardware stack levels used:    1
 Hardware stack levels required when called:    4
 This function calls:
		Nothing
 This function is called by:
		_HW_init
 This function uses a non-reentrant model


 *************** function _OSC_init *****************
 Defined at:
		line 38 in file "system.c"
 Parameters:    Size  Location     Type
		None
 Auto vars:     Size  Location     Type
		None
 Return value:  Size  Location     Type
		None               void
 Registers used:
		None
 Tracked objects:
		On entry : 
		On exit  : 
		Unchanged: 
 Data sizes:     COMRAM   BANK0   BANK1   BANK2   BANK3   BANK4   BANK5   BANK6   BANK7   BANK8   BANK9  BANK10  BANK11  BANK12  BANK13  BANK14  BANK15
      Params:         0       0       0       0       0       0       0       0       0       0       0       0       0       0       0       0       0
      Locals:         0       0       0       0       0       0       0       0       0       0       0       0       0       0       0       0       0
      Temps:          0       0       0       0       0       0       0       0       0       0       0       0       0       0       0       0       0
      Totals:         0       0       0       0       0       0       0       0       0       0       0       0       0       0       0       0       0
Total ram usage:        0 bytes
 Hardware stack levels used:    1
 Hardware stack levels required when called:    4
 This function calls:
		Nothing
 This function is called by:
		_HW_init
 This function uses a non-reentrant model


 *************** function _IRQ_init *****************
 Defined at:
		line 101 in file "system.c"
 Parameters:    Size  Location     Type
		None
 Auto vars:     Size  Location     Type
		None
 Return value:  Size  Location     Type
		None               void
 Registers used:
		None
 Tracked objects:
		On entry : 
		On exit  : 
		Unchanged: 
 Data sizes:     COMRAM   BANK0   BANK1   BANK2   BANK3   BANK4   BANK5   BANK6   BANK7   BANK8   BANK9  BANK10  BANK11  BANK12  BANK13  BANK14  BANK15
      Params:         0       0       0       0       0       0       0       0       0       0       0       0       0       0       0       0       0
      Locals:         0       0       0       0       0       0       0       0       0       0       0       0       0       0       0       0       0
      Temps:          0       0       0       0       0       0       0       0       0       0       0       0       0       0       0       0       0
      Totals:         0       0       0       0       0       0       0       0       0       0       0       0       0       0       0       0       0
Total ram usage:        0 bytes
 Hardware stack levels used:    1
 Hardware stack levels required when called:    4
 This function calls:
		Nothing
 This function is called by:
		_HW_init
 This function uses a non-reentrant model


 *************** function _I2C_init *****************
 Defined at:
		line 253 in file "system.c"
 Parameters:    Size  Location     Type
  channel         2    0[BANK0 ] unsigned int 
 Auto vars:     Size  Location     Type
		None
 Return value:  Size  Location     Type
		None               void
 Registers used:
		wreg, status,2, status,0
 Tracked objects:
		On entry : 
		On exit  : 
		Unchanged: 
 Data sizes:     COMRAM   BANK0   BANK1   BANK2   BANK3   BANK4   BANK5   BANK6   BANK7   BANK8   BANK9  BANK10  BANK11  BANK12  BANK13  BANK14  BANK15
      Params:         0       2       0       0       0       0       0       0       0       0       0       0       0       0       0       0       0
      Locals:         0       0       0       0       0       0       0       0       0       0       0       0       0       0       0       0       0
      Temps:          0       2       0       0       0       0       0       0       0       0       0       0       0       0       0       0       0
      Totals:         0       4       0       0       0       0       0       0       0       0       0       0       0       0       0       0       0
Total ram usage:        4 bytes
 Hardware stack levels used:    1
 Hardware stack levels required when called:    4
 This function calls:
		Nothing
 This function is called by:
		_HW_init
 This function uses a non-reentrant model


 *************** function _GPIO_init *****************
 Defined at:
		line 58 in file "system.c"
 Parameters:    Size  Location     Type
		None
 Auto vars:     Size  Location     Type
		None
 Return value:  Size  Location     Type
		None               void
 Registers used:
		wreg, status,2
 Tracked objects:
		On entry : 
		On exit  : 
		Unchanged: 
 Data sizes:     COMRAM   BANK0   BANK1   BANK2   BANK3   BANK4   BANK5   BANK6   BANK7   BANK8   BANK9  BANK10  BANK11  BANK12  BANK13  BANK14  BANK15
      Params:         0       0       0       0       0       0       0       0       0       0       0       0       0       0       0       0       0
      Locals:         0       0       0       0       0       0       0       0       0       0       0       0       0       0       0       0       0
      Temps:          0       0       0       0       0       0       0       0       0       0       0       0       0       0       0       0       0
      Totals:         0       0       0       0       0       0       0       0       0       0       0       0       0       0       0       0       0
Total ram usage:        0 bytes
 Hardware stack levels used:    1
 Hardware stack levels required when called:    4
 This function calls:
		Nothing
 This function is called by:
		_HW_init
 This function uses a non-reentrant model


 *************** function _ADC_init *****************
 Defined at:
		line 163 in file "system.c"
 Parameters:    Size  Location     Type
  channel         2    0[BANK0 ] unsigned int 
 Auto vars:     Size  Location     Type
		None
 Return value:  Size  Location     Type
		None               void
 Registers used:
		wreg, status,2, status,0
 Tracked objects:
		On entry : 
		On exit  : 
		Unchanged: 
 Data sizes:     COMRAM   BANK0   BANK1   BANK2   BANK3   BANK4   BANK5   BANK6   BANK7   BANK8   BANK9  BANK10  BANK11  BANK12  BANK13  BANK14  BANK15
      Params:         0       2       0       0       0       0       0       0       0       0       0       0       0       0       0       0       0
      Locals:         0       0       0       0       0       0       0       0       0       0       0       0       0       0       0       0       0
      Temps:          0       0       0       0       0       0       0       0       0       0       0       0       0       0       0       0       0
      Totals:         0       2       0       0       0       0       0       0       0       0       0       0       0       0       0       0       0
Total ram usage:        2 bytes
 Hardware stack levels used:    1
 Hardware stack levels required when called:    4
 This function calls:
		Nothing
 This function is called by:
		_HW_init
 This function uses a non-reentrant model


 *************** function _ISRHandler *****************
 Defined at:
		line 9 in file "interruptHandler.c"
 Parameters:    Size  Location     Type
		None
 Auto vars:     Size  Location     Type
  i               2   35[COMRAM] unsigned int 
  c               1   34[COMRAM] unsigned char 
 Return value:  Size  Location     Type
		None               void
 Registers used:
		wreg, fsr2l, fsr2h, status,2, status,0, cstack
 Tracked objects:
		On entry : 
		On exit  : 
		Unchanged: 
 Data sizes:     COMRAM   BANK0   BANK1   BANK2   BANK3   BANK4   BANK5   BANK6   BANK7   BANK8   BANK9  BANK10  BANK11  BANK12  BANK13  BANK14  BANK15
      Params:         0       0       0       0       0       0       0       0       0       0       0       0       0       0       0       0       0
      Locals:         3       0       0       0       0       0       0       0       0       0       0       0       0       0       0       0       0
      Temps:         15       0       0       0       0       0       0       0       0       0       0       0       0       0       0       0       0
      Totals:        18       0       0       0       0       0       0       0       0       0       0       0       0       0       0       0       0
Total ram usage:       18 bytes
 Hardware stack levels used:    1
 Hardware stack levels required when called:    3
 This function calls:
		_I2C_putByteAtAddress
		_USART_getChar
 This function is called by:
		Interrupt level 2
 This function uses a non-reentrant model


 *************** function _USART_getChar *****************
 Defined at:
		line 113 in file "usart.c"
 Parameters:    Size  Location     Type
  channel         2    0[COMRAM] unsigned int 
 Auto vars:     Size  Location     Type
		None
 Return value:  Size  Location     Type
                  1    wreg      unsigned char 
 Registers used:
		wreg, status,2, status,0
 Tracked objects:
		On entry : 
		On exit  : 
		Unchanged: 
 Data sizes:     COMRAM   BANK0   BANK1   BANK2   BANK3   BANK4   BANK5   BANK6   BANK7   BANK8   BANK9  BANK10  BANK11  BANK12  BANK13  BANK14  BANK15
      Params:         2       0       0       0       0       0       0       0       0       0       0       0       0       0       0       0       0
      Locals:         0       0       0       0       0       0       0       0       0       0       0       0       0       0       0       0       0
      Temps:          2       0       0       0       0       0       0       0       0       0       0       0       0       0       0       0       0
      Totals:         4       0       0       0       0       0       0       0       0       0       0       0       0       0       0       0       0
Total ram usage:        4 bytes
 Hardware stack levels used:    1
 This function calls:
		Nothing
 This function is called by:
		_ISRHandler
		_USART_getLine
 This function uses a non-reentrant model


 *************** function _I2C_putByteAtAddress *****************
 Defined at:
		line 165 in file "i2c.c"
 Parameters:    Size  Location     Type
  channel         2    9[COMRAM] unsigned int 
  device_addre    1   11[COMRAM] unsigned char 
  page            1   12[COMRAM] unsigned char 
  address         2   13[COMRAM] unsigned int 
  byte            1   15[COMRAM] unsigned char 
 Auto vars:     Size  Location     Type
		None
 Return value:  Size  Location     Type
		None               void
 Registers used:
		wreg, status,2, status,0, cstack
 Tracked objects:
		On entry : 
		On exit  : 
		Unchanged: 
 Data sizes:     COMRAM   BANK0   BANK1   BANK2   BANK3   BANK4   BANK5   BANK6   BANK7   BANK8   BANK9  BANK10  BANK11  BANK12  BANK13  BANK14  BANK15
      Params:         7       0       0       0       0       0       0       0       0       0       0       0       0       0       0       0       0
      Locals:         0       0       0       0       0       0       0       0       0       0       0       0       0       0       0       0       0
      Temps:          3       0       0       0       0       0       0       0       0       0       0       0       0       0       0       0       0
      Totals:        10       0       0       0       0       0       0       0       0       0       0       0       0       0       0       0       0
Total ram usage:       10 bytes
 Hardware stack levels used:    1
 Hardware stack levels required when called:    2
 This function calls:
		i2_I2C_start
		i2_I2C_stop
		i2_I2C_writeByte
 This function is called by:
		_ISRHandler
 This function uses a non-reentrant model


 *************** function i2_I2C_writeByte *****************
 Defined at:
		line 112 in file "i2c.c"
 Parameters:    Size  Location     Type
  b               1    wreg     unsigned char 
  channel         2    4[COMRAM] unsigned int 
 Auto vars:     Size  Location     Type
  b               1    8[COMRAM] unsigned char 
 Return value:  Size  Location     Type
		None               void
 Registers used:
		wreg, status,2, status,0, cstack
 Tracked objects:
		On entry : 
		On exit  : 
		Unchanged: 
 Data sizes:     COMRAM   BANK0   BANK1   BANK2   BANK3   BANK4   BANK5   BANK6   BANK7   BANK8   BANK9  BANK10  BANK11  BANK12  BANK13  BANK14  BANK15
      Params:         2       0       0       0       0       0       0       0       0       0       0       0       0       0       0       0       0
      Locals:         1       0       0       0       0       0       0       0       0       0       0       0       0       0       0       0       0
      Temps:          2       0       0       0       0       0       0       0       0       0       0       0       0       0       0       0       0
      Totals:         5       0       0       0       0       0       0       0       0       0       0       0       0       0       0       0       0
Total ram usage:        5 bytes
 Hardware stack levels used:    1
 Hardware stack levels required when called:    1
 This function calls:
		i2_I2C_wait
 This function is called by:
		_I2C_putByteAtAddress
 This function uses a non-reentrant model


 *************** function i2_I2C_stop *****************
 Defined at:
		line 42 in file "i2c.c"
 Parameters:    Size  Location     Type
  channel         2    4[COMRAM] unsigned int 
 Auto vars:     Size  Location     Type
		None
 Return value:  Size  Location     Type
		None               void
 Registers used:
		wreg, status,2, status,0, cstack
 Tracked objects:
		On entry : 
		On exit  : 
		Unchanged: 
 Data sizes:     COMRAM   BANK0   BANK1   BANK2   BANK3   BANK4   BANK5   BANK6   BANK7   BANK8   BANK9  BANK10  BANK11  BANK12  BANK13  BANK14  BANK15
      Params:         2       0       0       0       0       0       0       0       0       0       0       0       0       0       0       0       0
      Locals:         0       0       0       0       0       0       0       0       0       0       0       0       0       0       0       0       0
      Temps:          2       0       0       0       0       0       0       0       0       0       0       0       0       0       0       0       0
      Totals:         4       0       0       0       0       0       0       0       0       0       0       0       0       0       0       0       0
Total ram usage:        4 bytes
 Hardware stack levels used:    1
 Hardware stack levels required when called:    1
 This function calls:
		i2_I2C_wait
 This function is called by:
		_I2C_putByteAtAddress
 This function uses a non-reentrant model


 *************** function i2_I2C_start *****************
 Defined at:
		line 8 in file "i2c.c"
 Parameters:    Size  Location     Type
  channel         2    4[COMRAM] unsigned int 
 Auto vars:     Size  Location     Type
		None
 Return value:  Size  Location     Type
		None               void
 Registers used:
		wreg, status,2, status,0, cstack
 Tracked objects:
		On entry : 
		On exit  : 
		Unchanged: 
 Data sizes:     COMRAM   BANK0   BANK1   BANK2   BANK3   BANK4   BANK5   BANK6   BANK7   BANK8   BANK9  BANK10  BANK11  BANK12  BANK13  BANK14  BANK15
      Params:         2       0       0       0       0       0       0       0       0       0       0       0       0       0       0       0       0
      Locals:         0       0       0       0       0       0       0       0       0       0       0       0       0       0       0       0       0
      Temps:          2       0       0       0       0       0       0       0       0       0       0       0       0       0       0       0       0
      Totals:         4       0       0       0       0       0       0       0       0       0       0       0       0       0       0       0       0
Total ram usage:        4 bytes
 Hardware stack levels used:    1
 Hardware stack levels required when called:    1
 This function calls:
		i2_I2C_wait
 This function is called by:
		_I2C_putByteAtAddress
 This function uses a non-reentrant model


 *************** function i2_I2C_wait *****************
 Defined at:
		line 97 in file "i2c.c"
 Parameters:    Size  Location     Type
  channel         2    0[COMRAM] unsigned int 
 Auto vars:     Size  Location     Type
		None
 Return value:  Size  Location     Type
		None               void
 Registers used:
		wreg, status,2, status,0
 Tracked objects:
		On entry : 
		On exit  : 
		Unchanged: 
 Data sizes:     COMRAM   BANK0   BANK1   BANK2   BANK3   BANK4   BANK5   BANK6   BANK7   BANK8   BANK9  BANK10  BANK11  BANK12  BANK13  BANK14  BANK15
      Params:         2       0       0       0       0       0       0       0       0       0       0       0       0       0       0       0       0
      Locals:         0       0       0       0       0       0       0       0       0       0       0       0       0       0       0       0       0
      Temps:          2       0       0       0       0       0       0       0       0       0       0       0       0       0       0       0       0
      Totals:         4       0       0       0       0       0       0       0       0       0       0       0       0       0       0       0       0
Total ram usage:        4 bytes
 Hardware stack levels used:    1
 This function calls:
		Nothing
 This function is called by:
		i2_I2C_start
		i2_I2C_stop
		i2_I2C_writeByte
 This function uses a non-reentrant model



MODULE INFORMATION

Module		Function		Class		Link	Load	Size
interruptHandler.c
		_ISRHandler    		CODE           	0008	0000	266

interruptHandler.c estimated size: 266

usart.c
		_USART_putStrin		CODE           	131E	0000	234
		_USART_getChar 		CODE           	19F0	0000	54
		_USART_putLine 		CODE           	1918	0000	54
		_USART_putChar 		CODE           	17DE	0000	66

usart.c estimated size: 408

i2c.c
		_I2C_stop      		CODE           	1820	0000	66
		_I2C_writeByte 		CODE           	160E	0000	86
		_I2C_wait      		CODE           	1664	0000	82
		_I2C_readByte  		CODE           	1408	0000	164
		_I2C_getByteFro		CODE           	14AC	0000	160
		_I2C_ack       		CODE           	1984	0000	54
		_I2C_nack      		CODE           	194E	0000	54
		_I2C_start     		CODE           	1862	0000	66
		_I2C_putByteAtA		CODE           	154C	0000	102

i2c.c estimated size: 834

shared
		__stringdata   		SMALLCONST     	100B	0000	235
		i2_I2C_wait    		CODE           	1798	0000	70
		_dpowers       		SMALLCONST     	1001	0000	10
		i2_I2C_stop    		CODE           	18A4	0000	58
		i2_I2C_start   		CODE           	18DE	0000	58
		__initializatio		CODE           	15B2	0000	82
		i2_I2C_writeByt		CODE           	1702	0000	76

shared estimated size: 589

main.c
		_main          		CODE           	10F8	0000	304

main.c estimated size: 304

system.c
		_I2C_init      		CODE           	16B6	0000	76
		_IRQ_init      		CODE           	1A4E	0000	10
		_ADC_init      		CODE           	1A26	0000	30
		_GPIO_init     		CODE           	19BA	0000	54
		_HW_init       		CODE           	174E	0000	74
		_OSC_init      		CODE           	1A44	0000	10
		_USART_init    		CODE           	1228	0000	246

system.c estimated size: 500

