Microchip MPLAB XC8 Compiler V1.32 ()

Linker command line:

--edf=C:\Program Files (x86)\Microchip\xc8\v1.32\dat\en_msgs.txt -cs \
  -h+dist/C18_18F87K22/production\cpps_seismic_tables.X.production.sym \
  --cmf=dist/C18_18F87K22/production\cpps_seismic_tables.X.production.cmf \
  -z -Q18LF46K22 -oC:\Users\uadmin\AppData\Local\Temp\snee0.6 \
  -Mdist/C18_18F87K22/production/cpps_seismic_tables.X.production.map -E1 \
  -ver=XC8 -ASTACK=060h-09ffh -pstack=STACK -ACODE=00h-0FFFFh \
  -ACONST=00h-0FFFFh -ASMALLCONST=01000h-010FFhx240 \
  -AMEDIUMCONST=01000h-0FFFFh -ACOMRAM=01h-05Fh -AABS1=00h-0F37h \
  -ABIGRAM=01h-0F37h -ARAM=060h-0FFh,0100h-01FFhx14,0F00h-0F37h \
  -ABANK0=060h-0FFh -ABANK1=0100h-01FFh -ABANK2=0200h-02FFh \
  -ABANK3=0300h-03FFh -ABANK4=0400h-04FFh -ABANK5=0500h-05FFh \
  -ABANK6=0600h-06FFh -ABANK7=0700h-07FFh -ABANK8=0800h-08FFh \
  -ABANK9=0900h-09FFh -ABANK10=0A00h-0AFFh -ABANK11=0B00h-0BFFh \
  -ABANK12=0C00h-0CFFh -ABANK13=0D00h-0DFFh -ABANK14=0E00h-0EFFh \
  -ABANK15=0F00h-0F37h -ASFR=0F38h-0F5Fh,0F60h-0FFFh \
  -preset_vec=00h,intcode=08h,intcodelo=018h,powerup,init,end_init \
  -pramtop=01000h -psmallconst=SMALLCONST -pmediumconst=MEDIUMCONST \
  -pconst=CONST -AFARRAM=00h-00h -ACONFIG=0300000h-030000Dh -pconfig=CONFIG \
  -AIDLOC=0200000h-0200007h -pidloc=IDLOC -AEEDATA=0F00000h-0F003FFh \
  -peeprom_data=EEDATA \
  -prdata=COMRAM,nvrram=COMRAM,nvbit=COMRAM,rbss=COMRAM,rbit=COMRAM \
  -pfarbss=FARRAM,fardata=FARRAM,nvFARRAM=FARRAM \
  -pintsave_regs=BIGRAM,bigbss=BIGRAM,bigdata=BIGRAM -pbss=RAM \
  -pidata=CODE,irdata=CODE,ibigdata=CODE,ifardata=CODE \
  C:\Users\uadmin\AppData\Local\Temp\snee0.obj \
  dist/C18_18F87K22/production\cpps_seismic_tables.X.production.obj 

Object code version is 3.11

Machine type is 18LF46K22

Call graph: (short form)




                Name                               Link     Load   Length Selector   Space Scale
C:\Users\uadmin\AppData\Local\Temp\snee0.obj
                end_init                             A2       A2        4        C       0
                reset_vec                             0        0        4        0       0
                idloc                            200000   200000        8   200000       0
                config                           300000   300000        E   300000       0
dist/C18_18F87K22/production\cpps_seismic_tables.X.production.obj
                intcodelo                            18       18       8A        C       0
                intcode                               8        8       10        4       0
                smallconst                         1000     1000       82      800       0
                intcode_body                       1220     1220       66      841       0
                text7                              1306     1306       1C      841       0
                text6                              1286     1286       2C      841       0
                text5                              1352     1352        A      841       0
                text4                              1082     1082       D0      841       0
                text3                              12DC     12DC       2A      841       0
                text2                              1152     1152       CE      841       0
                text1                              12B2     12B2       2A      841       0
                text0                              1322     1322       1A      841       0
                cstackCOMRAM                         2A       2A       29        1       1
                bssCOMRAM                             1        1       29        1       1
                cinit                              133C     133C       16      841       0

TOTAL           Name                               Link     Load   Length     Space
        CLASS   STACK          

        CLASS   CODE           
                end_init                             A2       A2        4         0
                intcodelo                            18       18       8A         0
                intcode                               8        8       10         0
                reset_vec                             0        0        4         0
                intcode_body                       1220     1220       66         0
                text7                              1306     1306       1C         0
                text6                              1286     1286       2C         0
                text5                              1352     1352        A         0
                text4                              1082     1082       D0         0
                text3                              12DC     12DC       2A         0
                text2                              1152     1152       CE         0
                text1                              12B2     12B2       2A         0
                text0                              1322     1322       1A         0
                cinit                              133C     133C       16         0

        CLASS   CONST          

        CLASS   SMALLCONST     
                smallconst                         1000     1000       82         0

        CLASS   MEDIUMCONST    

        CLASS   COMRAM         
                cstackCOMRAM                         2A       2A       29         1
                bssCOMRAM                             1        1       29         1

        CLASS   ABS1           

        CLASS   BIGRAM         

        CLASS   RAM            

        CLASS   BANK0          

        CLASS   BANK1          

        CLASS   BANK2          

        CLASS   BANK3          

        CLASS   BANK4          

        CLASS   BANK5          

        CLASS   BANK6          

        CLASS   BANK7          

        CLASS   BANK8          

        CLASS   BANK9          

        CLASS   BANK10         

        CLASS   BANK11         

        CLASS   BANK12         

        CLASS   BANK13         

        CLASS   BANK14         

        CLASS   BANK15         

        CLASS   SFR            

        CLASS   FARRAM         

        CLASS   CONFIG         
                config                           300000   300000        E         0

        CLASS   IDLOC          
                idloc                            200000   200000        8         0

        CLASS   EEDATA         



SEGMENTS        Name                           Load    Length   Top    Selector   Space  Class

                reset_vec                      000000  000004  000004         0       0  CODE    
                bssCOMRAM                      000001  000052  000053         1       1  COMRAM  
                intcode                        000008  000010  000018         4       0  CODE    
                intcodelo                      000018  00008E  0000A6         C       0  CODE    
                smallconst                     001000  000082  001082       800       0  SMALLCON
                text4                          001082  0002DA  00135C       841       0  CODE    
                idloc                          200000  000008  200008    200000       0  IDLOC   
                config                         300000  00000E  30000E    300000       0  CONFIG  


UNUSED ADDRESS RANGES

        Name                Unused          Largest block    Delta
        BANK0            000060-0000FF               A0
        BANK1            000100-0001FF              100
        BANK10           000A00-000AFF              100
        BANK11           000B00-000BFF              100
        BANK12           000C00-000CFF              100
        BANK13           000D00-000DFF              100
        BANK14           000E00-000EFF              100
        BANK15           000F00-000F37               38
        BANK2            000200-0002FF              100
        BANK3            000300-0003FF              100
        BANK4            000400-0004FF              100
        BANK5            000500-0005FF              100
        BANK6            000600-0006FF              100
        BANK7            000700-0007FF              100
        BANK8            000800-0008FF              100
        BANK9            000900-0009FF              100
        BIGRAM           000053-000F37              EE5
        CODE             000004-000007                4
                         0000A6-000FFF              F5A
                         00135C-00FFFF             ECA4
        COMRAM           000053-00005F                D
        CONST            000004-000007                4
                         0000A6-000FFF              F5A
                         00135C-00FFFF             ECA4
        EEDATA           F00000-F003FF              400
        MEDIUMCONST      00135C-00FFFF             ECA4
        RAM              000060-000F37              100
        SFR              000F38-000FFF               28
        SMALLCONST       00135C-00FFFF              100
        STACK            000060-0009FF              9A0

                                  Symbol Table

ADC_init@channel          cstackCOMRAM 000049
USART_init@baudConfig     cstackCOMRAM 00004F
USART_init@baudrate       cstackCOMRAM 00004B
USART_init@channel        cstackCOMRAM 000049
USART_putLine@channel     cstackCOMRAM 000051
USART_putLine@line        cstackCOMRAM 00004F
USART_putString@channel   cstackCOMRAM 00004B
USART_putString@string    cstackCOMRAM 000049
_ADCON0                   (abs)        000FC2
_ADCON1                   (abs)        000FC1
_ADCON2bits               (abs)        000FC0
_ADC_init                 text7        001306
_ANSELAbits               (abs)        000F38
_ANSELCbits               (abs)        000F3A
_ANSELEbits               (abs)        000F3C
_BAUDCON1bits             (abs)        000FB8
_BAUDCON2bits             (abs)        000F70
_CCP1CON                  (abs)        000FBD
_CCPR1L                   (abs)        000FBE
_EEADR                    (abs)        000FA9
_EEADRH                   (abs)        000FAA
_EECON1bits               (abs)        000FA6
_EECON2                   (abs)        000FA7
_EEDATA                   (abs)        000FA8
_GIE                      (abs)        007F97
_GPIO_init                text6        001286
_HW_init                  text3        0012DC
_INTCONbits               (abs)        000FF2
_IPEN                     (abs)        007E87
_OSCCONbits               (abs)        000FD3
_OSC_init                 text5        001352
_PEIE                     (abs)        007F96
_PIE1bits                 (abs)        000F9D
_PIE3bits                 (abs)        000FA3
_PLLEN                    (abs)        007CDE
_PR2                      (abs)        000FBB
_PR4                      (abs)        000F52
_RCREG1                   (abs)        000FAE
_RCREG2                   (abs)        000F74
_RCSTA1bits               (abs)        000FAB
_RCSTA2bits               (abs)        000F71
_SPBRG1                   (abs)        000FAF
_SPBRG2                   (abs)        000F75
_SSP1ADD                  (abs)        000FC8
_SSP1CON1                 (abs)        000FC6
_SSP1STAT                 (abs)        000FC7
_SSP2ADD                  (abs)        000F6E
_SSP2CON1                 (abs)        000F6C
_SSP2STAT                 (abs)        000F6D
_T2CONbits                (abs)        000FBA
_T4CON                    (abs)        000F51
_TRISAbits                (abs)        000F92
_TRISBbits                (abs)        000F93
_TRISCbits                (abs)        000F94
_TRISEbits                (abs)        000F96
_TX1IF                    (abs)        007CF4
_TX1REG                   (abs)        000FAD
_TX2IF                    (abs)        007D24
_TX2REG                   (abs)        000F73
_TXREG1                   (abs)        000FAD
_TXREG2                   (abs)        000F73
_TXSTA1bits               (abs)        000FAC
_TXSTA2bits               (abs)        000F72
_USART_init               text4        001082
_USART_putLine            text1        0012B2
_USART_putString          text2        001152
_VREFCON0bits             (abs)        000F42
__CFG_BOREN$SBORDIS       (abs)        000000
__CFG_BORV$190            (abs)        000000
__CFG_CCP2MX$PORTC1       (abs)        000000
__CFG_CCP3MX$PORTB5       (abs)        000000
__CFG_CP0$OFF             (abs)        000000
__CFG_CP1$OFF             (abs)        000000
__CFG_CP2$OFF             (abs)        000000
__CFG_CP3$OFF             (abs)        000000
__CFG_CPB$OFF             (abs)        000000
__CFG_CPD$OFF             (abs)        000000
__CFG_EBTR0$OFF           (abs)        000000
__CFG_EBTR1$OFF           (abs)        000000
__CFG_EBTR2$OFF           (abs)        000000
__CFG_EBTR3$OFF           (abs)        000000
__CFG_EBTRB$OFF           (abs)        000000
__CFG_FCMEN$OFF           (abs)        000000
__CFG_FOSC$INTIO7         (abs)        000000
__CFG_HFOFST$ON           (abs)        000000
__CFG_IESO$OFF            (abs)        000000
__CFG_LVP$OFF             (abs)        000000
__CFG_MCLRE$EXTMCLR       (abs)        000000
__CFG_P2BMX$PORTD2        (abs)        000000
__CFG_PBADEN$ON           (abs)        000000
__CFG_PLLCFG$OFF          (abs)        000000
__CFG_PRICLKEN$ON         (abs)        000000
__CFG_PWRTEN$OFF          (abs)        000000
__CFG_STVREN$ON           (abs)        000000
__CFG_T3CMX$PORTC0        (abs)        000000
__CFG_WDTEN$ON            (abs)        000000
__CFG_WDTPS$32768         (abs)        000000
__CFG_WRT0$OFF            (abs)        000000
__CFG_WRT1$OFF            (abs)        000000
__CFG_WRT2$OFF            (abs)        000000
__CFG_WRT3$OFF            (abs)        000000
__CFG_WRTB$OFF            (abs)        000000
__CFG_WRTC$OFF            (abs)        000000
__CFG_WRTD$OFF            (abs)        000000
__CFG_XINST$OFF           (abs)        000000
__HRAM                    (abs)        000000
__Habs1                   abs1         000000
__Hbank0                  bank0        000000
__Hbank1                  bank1        000000
__Hbank10                 bank10       000000
__Hbank11                 bank11       000000
__Hbank12                 bank12       000000
__Hbank13                 bank13       000000
__Hbank14                 bank14       000000
__Hbank15                 bank15       000000
__Hbank2                  bank2        000000
__Hbank3                  bank3        000000
__Hbank4                  bank4        000000
__Hbank5                  bank5        000000
__Hbank6                  bank6        000000
__Hbank7                  bank7        000000
__Hbank8                  bank8        000000
__Hbank9                  bank9        000000
__Hbigbss                 bigbss       000000
__Hbigdata                bigdata      000000
__Hbigram                 bigram       000000
__Hbss                    bss          000000
__HbssCOMRAM              bssCOMRAM    000000
__Hcinit                  cinit        000000
__Hclrtext                clrtext      000000
__Hcomram                 comram       000000
__Hconfig                 config       30000E
__Hconst                  const        000000
__HcstackCOMRAM           cstackCOMRAM 000000
__Hdata                   data         000000
__Heeprom_data            eeprom_data  000000
__Hend_init               end_init     0000A6
__Hfarbss                 farbss       000000
__Hfardata                fardata      000000
__Hibigdata               ibigdata     000000
__Hidata                  idata        000000
__Hidloc                  idloc        200008
__Hifardata               ifardata     000000
__Hinit                   init         0000A2
__Hintcode                intcode      000018
__Hintcode_body           intcode_body 000000
__Hintcodelo              intcodelo    0000A2
__Hintentry               intentry     000000
__Hintret                 intret       000000
__Hintsave_regs           intsave_regs 000000
__Hirdata                 irdata       000000
__Hmediumconst            mediumconst  000000
__HnvFARRAM               nvFARRAM     000000
__Hnvbit                  nvbit        000000
__Hnvrram                 nvrram       000000
__Hparam                  rparam       000000
__Hpowerup                powerup      0000A2
__Hram                    ram          000000
__Hramtop                 ramtop       001000
__Hrbit                   rbit         000000
__Hrbss                   rbss         000000
__Hrdata                  rdata        000000
__Hreset_vec              reset_vec    000004
__Hrparam                 rparam       000000
__Hsfr                    sfr          000000
__Hsmallconst             smallconst   001082
__Hspace_0                (abs)        30000E
__Hspace_1                (abs)        000053
__Hspace_2                (abs)        000000
__Hstack                  stack        000000
__Hstruct                 struct       000000
__Htemp                   temp         000000
__Htext                   text         000000
__Htext0                  text0        000000
__Htext1                  text1        000000
__Htext2                  text2        000000
__Htext3                  text3        000000
__Htext4                  text4        000000
__Htext5                  text5        000000
__Htext6                  text6        000000
__Htext7                  text7        000000
__LRAM                    (abs)        000001
__Labs1                   abs1         000000
__Lbank0                  bank0        000000
__Lbank1                  bank1        000000
__Lbank10                 bank10       000000
__Lbank11                 bank11       000000
__Lbank12                 bank12       000000
__Lbank13                 bank13       000000
__Lbank14                 bank14       000000
__Lbank15                 bank15       000000
__Lbank2                  bank2        000000
__Lbank3                  bank3        000000
__Lbank4                  bank4        000000
__Lbank5                  bank5        000000
__Lbank6                  bank6        000000
__Lbank7                  bank7        000000
__Lbank8                  bank8        000000
__Lbank9                  bank9        000000
__Lbigbss                 bigbss       000000
__Lbigdata                bigdata      000000
__Lbigram                 bigram       000000
__Lbss                    bss          000000
__LbssCOMRAM              bssCOMRAM    000000
__Lcinit                  cinit        000000
__Lclrtext                clrtext      000000
__Lcomram                 comram       000000
__Lconfig                 config       300000
__Lconst                  const        000000
__LcstackCOMRAM           cstackCOMRAM 000000
__Ldata                   data         000000
__Leeprom_data            eeprom_data  000000
__Lend_init               end_init     0000A2
__Lfarbss                 farbss       000000
__Lfardata                fardata      000000
__Libigdata               ibigdata     000000
__Lidata                  idata        000000
__Lidloc                  idloc        200000
__Lifardata               ifardata     000000
__Linit                   init         0000A2
__Lintcode                intcode      000008
__Lintcode_body           intcode_body 000000
__Lintcodelo              intcodelo    000018
__Lintentry               intentry     000000
__Lintret                 intret       000000
__Lintsave_regs           intsave_regs 000000
__Lirdata                 irdata       000000
__Lmediumconst            mediumconst  000000
__LnvFARRAM               nvFARRAM     000000
__Lnvbit                  nvbit        000000
__Lnvrram                 nvrram       000000
__Lparam                  rparam       000000
__Lpowerup                powerup      0000A2
__Lram                    ram          000000
__Lramtop                 ramtop       001000
__Lrbit                   rbit         000000
__Lrbss                   rbss         000000
__Lrdata                  rdata        000000
__Lreset_vec              reset_vec    000000
__Lrparam                 rparam       000000
__Lsfr                    sfr          000000
__Lsmallconst             smallconst   001000
__Lspace_0                (abs)        000000
__Lspace_1                (abs)        000000
__Lspace_2                (abs)        000000
__Lstack                  stack        000000
__Lstruct                 struct       000000
__Ltemp                   temp         000000
__Ltext                   text         000000
__Ltext0                  text0        000000
__Ltext1                  text1        000000
__Ltext2                  text2        000000
__Ltext3                  text3        000000
__Ltext4                  text4        000000
__Ltext5                  text5        000000
__Ltext6                  text6        000000
__Ltext7                  text7        000000
__S0                      (abs)        30000E
__S1                      (abs)        000053
__S2                      (abs)        000000
___inthi_sp               stack        000000
___intlo_sp               stack        000000
___sp                     stack        000000
__accesstop               (abs)        000060
__activetblptr            (abs)        000002
__end_of_ADC_init         text7        001322
__end_of_GPIO_init        text6        0012B2
__end_of_HW_init          text3        001306
__end_of_OSC_init         text5        00135C
__end_of_USART_init       text4        001152
__end_of_USART_putLine    text1        0012DC
__end_of_USART_putString  text2        001220
__end_of__initialization  cinit        001348
__end_of__stringdata      smallconst   001080
__end_of_dpowers          smallconst   00100B
__end_of_high_isr         intcode_body 001286
__end_of_low_isr          intcodelo    0000A2
__end_of_main             text0        00133C
__initialization          cinit        00133C
__mediumconst             mediumconst  000000
__pbssCOMRAM              bssCOMRAM    000001
__pcinit                  cinit        00133C
__pcstackCOMRAM           cstackCOMRAM 00002A
__pintcode                intcode      000008
__pintcode_body           intcode_body 001220
__pintcodelo              intcodelo    000018
__psmallconst             smallconst   001000
__ptext0                  text0        001322
__ptext1                  text1        0012B2
__ptext2                  text2        001152
__ptext3                  text3        0012DC
__ptext4                  text4        001082
__ptext5                  text5        001352
__ptext6                  text6        001286
__ptext7                  text7        001306
__ramtop                  ramtop       001000
__size_of_ADC_init        (abs)        000000
__size_of_GPIO_init       (abs)        000000
__size_of_HW_init         (abs)        000000
__size_of_OSC_init        (abs)        000000
__size_of_USART_init      (abs)        000000
__size_of_USART_putLine   (abs)        000000
__size_of_USART_putString (abs)        000000
__size_of_high_isr        (abs)        000000
__size_of_low_isr         (abs)        000000
__size_of_main            (abs)        000000
__smallconst              smallconst   001000
__stringdata              smallconst   00100B
_delta_u                  bssCOMRAM    000001
_dpowers                  smallconst   001001
_e                        bssCOMRAM    000004
_e1                       bssCOMRAM    000007
_e2                       bssCOMRAM    00000A
_high_isr                 intcode      000008
_k1                       bssCOMRAM    00000D
_k2                       bssCOMRAM    000010
_k3                       bssCOMRAM    000013
_kd                       bssCOMRAM    000016
_ki                       bssCOMRAM    000019
_kp                       bssCOMRAM    00001C
_low_isr                  intcodelo    000018
_main                     text0        001322
_rx1                      bssCOMRAM    000028
_rx2                      bssCOMRAM    000029
_setpoint                 bssCOMRAM    00001F
_u                        bssCOMRAM    000022
_y                        bssCOMRAM    000025
end_of_initialization     cinit        001348
int_func                  intcode_body 001220
intlevel0                 text         000000
intlevel1                 text         000000
intlevel2                 text         000000
intlevel3                 text         000000
stackhi                   (abs)        0009FF
stacklo                   (abs)        000060
start                     init         0000A2
start_initialization      cinit        00133C


FUNCTION INFORMATION:

 *************** function _main *****************
 Defined at:
		line 33 in file "main.c"
 Parameters:    Size  Location     Type
		None
 Auto vars:     Size  Location     Type
		None
 Return value:  Size  Location     Type
		None               void
 Registers used:
		wreg, fsr0l, fsr0h, status,2, status,0, tblptrl, tblptrh, tblptru, cstack
 Tracked objects:
		On entry : 
		On exit  : 
		Unchanged: 
 Data sizes:     COMRAM   BANK0   BANK1   BANK2   BANK3   BANK4   BANK5   BANK6   BANK7   BANK8   BANK9  BANK10  BANK11  BANK12  BANK13  BANK14  BANK15
      Params:         0       0       0       0       0       0       0       0       0       0       0       0       0       0       0       0       0
      Locals:         0       0       0       0       0       0       0       0       0       0       0       0       0       0       0       0       0
      Temps:          0       0       0       0       0       0       0       0       0       0       0       0       0       0       0       0       0
      Totals:         0       0       0       0       0       0       0       0       0       0       0       0       0       0       0       0       0
Total ram usage:        0 bytes
 Hardware stack levels required when called:    4
 This function calls:
		_HW_init
		_USART_putLine
 This function is called by:
		Startup code after reset
 This function uses a non-reentrant model


 *************** function _USART_putLine *****************
 Defined at:
		line 69 in file "usart.c"
 Parameters:    Size  Location     Type
  line            2   37[COMRAM] PTR const unsigned char 
		 -> STR_6(29), STR_5(50), UART_putInt@buffer(128), STR_1(32), 
  channel         2   39[COMRAM] unsigned int 
 Auto vars:     Size  Location     Type
		None
 Return value:  Size  Location     Type
		None               void
 Registers used:
		wreg, fsr0l, fsr0h, status,2, status,0, tblptrl, tblptrh, tblptru, cstack
 Tracked objects:
		On entry : 
		On exit  : 
		Unchanged: 
 Data sizes:     COMRAM   BANK0   BANK1   BANK2   BANK3   BANK4   BANK5   BANK6   BANK7   BANK8   BANK9  BANK10  BANK11  BANK12  BANK13  BANK14  BANK15
      Params:         4       0       0       0       0       0       0       0       0       0       0       0       0       0       0       0       0
      Locals:         0       0       0       0       0       0       0       0       0       0       0       0       0       0       0       0       0
      Temps:          0       0       0       0       0       0       0       0       0       0       0       0       0       0       0       0       0
      Totals:         4       0       0       0       0       0       0       0       0       0       0       0       0       0       0       0       0
Total ram usage:        4 bytes
 Hardware stack levels used:    1
 Hardware stack levels required when called:    3
 This function calls:
		_USART_putString
 This function is called by:
		_main
		_UART_putInt
		_EEPROM_writeWord
 This function uses a non-reentrant model


 *************** function _USART_putString *****************
 Defined at:
		line 38 in file "usart.c"
 Parameters:    Size  Location     Type
  string          2   31[COMRAM] PTR const unsigned char 
		 -> STR_6(29), STR_5(50), UART_putInt@buffer(128), STR_3(3), 
		 -> STR_2(3), STR_1(32), 
  channel         2   33[COMRAM] unsigned int 
 Auto vars:     Size  Location     Type
		None
 Return value:  Size  Location     Type
		None               void
 Registers used:
		wreg, fsr0l, fsr0h, status,2, status,0, tblptrl, tblptrh, tblptru
 Tracked objects:
		On entry : 
		On exit  : 
		Unchanged: 
 Data sizes:     COMRAM   BANK0   BANK1   BANK2   BANK3   BANK4   BANK5   BANK6   BANK7   BANK8   BANK9  BANK10  BANK11  BANK12  BANK13  BANK14  BANK15
      Params:         4       0       0       0       0       0       0       0       0       0       0       0       0       0       0       0       0
      Locals:         0       0       0       0       0       0       0       0       0       0       0       0       0       0       0       0       0
      Temps:          2       0       0       0       0       0       0       0       0       0       0       0       0       0       0       0       0
      Totals:         6       0       0       0       0       0       0       0       0       0       0       0       0       0       0       0       0
Total ram usage:        6 bytes
 Hardware stack levels used:    1
 Hardware stack levels required when called:    2
 This function calls:
		Nothing
 This function is called by:
		_USART_putLine
		_USART_putCharLine
 This function uses a non-reentrant model


 *************** function _HW_init *****************
 Defined at:
		line 24 in file "system.c"
 Parameters:    Size  Location     Type
		None
 Auto vars:     Size  Location     Type
		None
 Return value:  Size  Location     Type
		None               void
 Registers used:
		wreg, status,2, status,0, cstack
 Tracked objects:
		On entry : 
		On exit  : 
		Unchanged: 
 Data sizes:     COMRAM   BANK0   BANK1   BANK2   BANK3   BANK4   BANK5   BANK6   BANK7   BANK8   BANK9  BANK10  BANK11  BANK12  BANK13  BANK14  BANK15
      Params:         0       0       0       0       0       0       0       0       0       0       0       0       0       0       0       0       0
      Locals:         0       0       0       0       0       0       0       0       0       0       0       0       0       0       0       0       0
      Temps:          0       0       0       0       0       0       0       0       0       0       0       0       0       0       0       0       0
      Totals:         0       0       0       0       0       0       0       0       0       0       0       0       0       0       0       0       0
Total ram usage:        0 bytes
 Hardware stack levels used:    1
 Hardware stack levels required when called:    3
 This function calls:
		_ADC_init
		_GPIO_init
		_OSC_init
		_USART_init
 This function is called by:
		_main
 This function uses a non-reentrant model


 *************** function _USART_init *****************
 Defined at:
		line 173 in file "system.c"
 Parameters:    Size  Location     Type
  channel         2   31[COMRAM] unsigned int 
  baudrate        2   33[COMRAM] unsigned int 
 Auto vars:     Size  Location     Type
  baudConfig      2   37[COMRAM] unsigned int 
 Return value:  Size  Location     Type
		None               void
 Registers used:
		wreg, status,2, status,0
 Tracked objects:
		On entry : 
		On exit  : 
		Unchanged: 
 Data sizes:     COMRAM   BANK0   BANK1   BANK2   BANK3   BANK4   BANK5   BANK6   BANK7   BANK8   BANK9  BANK10  BANK11  BANK12  BANK13  BANK14  BANK15
      Params:         4       0       0       0       0       0       0       0       0       0       0       0       0       0       0       0       0
      Locals:         2       0       0       0       0       0       0       0       0       0       0       0       0       0       0       0       0
      Temps:          2       0       0       0       0       0       0       0       0       0       0       0       0       0       0       0       0
      Totals:         8       0       0       0       0       0       0       0       0       0       0       0       0       0       0       0       0
Total ram usage:        8 bytes
 Hardware stack levels used:    1
 Hardware stack levels required when called:    2
 This function calls:
		Nothing
 This function is called by:
		_HW_init
 This function uses a non-reentrant model


 *************** function _OSC_init *****************
 Defined at:
		line 36 in file "system.c"
 Parameters:    Size  Location     Type
		None
 Auto vars:     Size  Location     Type
		None
 Return value:  Size  Location     Type
		None               void
 Registers used:
		None
 Tracked objects:
		On entry : 
		On exit  : 
		Unchanged: 
 Data sizes:     COMRAM   BANK0   BANK1   BANK2   BANK3   BANK4   BANK5   BANK6   BANK7   BANK8   BANK9  BANK10  BANK11  BANK12  BANK13  BANK14  BANK15
      Params:         0       0       0       0       0       0       0       0       0       0       0       0       0       0       0       0       0
      Locals:         0       0       0       0       0       0       0       0       0       0       0       0       0       0       0       0       0
      Temps:          0       0       0       0       0       0       0       0       0       0       0       0       0       0       0       0       0
      Totals:         0       0       0       0       0       0       0       0       0       0       0       0       0       0       0       0       0
Total ram usage:        0 bytes
 Hardware stack levels used:    1
 Hardware stack levels required when called:    2
 This function calls:
		Nothing
 This function is called by:
		_HW_init
 This function uses a non-reentrant model


 *************** function _GPIO_init *****************
 Defined at:
		line 56 in file "system.c"
 Parameters:    Size  Location     Type
		None
 Auto vars:     Size  Location     Type
		None
 Return value:  Size  Location     Type
		None               void
 Registers used:
		None
 Tracked objects:
		On entry : 
		On exit  : 
		Unchanged: 
 Data sizes:     COMRAM   BANK0   BANK1   BANK2   BANK3   BANK4   BANK5   BANK6   BANK7   BANK8   BANK9  BANK10  BANK11  BANK12  BANK13  BANK14  BANK15
      Params:         0       0       0       0       0       0       0       0       0       0       0       0       0       0       0       0       0
      Locals:         0       0       0       0       0       0       0       0       0       0       0       0       0       0       0       0       0
      Temps:          0       0       0       0       0       0       0       0       0       0       0       0       0       0       0       0       0
      Totals:         0       0       0       0       0       0       0       0       0       0       0       0       0       0       0       0       0
Total ram usage:        0 bytes
 Hardware stack levels used:    1
 Hardware stack levels required when called:    2
 This function calls:
		Nothing
 This function is called by:
		_HW_init
 This function uses a non-reentrant model


 *************** function _ADC_init *****************
 Defined at:
		line 152 in file "system.c"
 Parameters:    Size  Location     Type
  channel         2   31[COMRAM] unsigned int 
 Auto vars:     Size  Location     Type
		None
 Return value:  Size  Location     Type
		None               void
 Registers used:
		wreg, status,2, status,0
 Tracked objects:
		On entry : 
		On exit  : 
		Unchanged: 
 Data sizes:     COMRAM   BANK0   BANK1   BANK2   BANK3   BANK4   BANK5   BANK6   BANK7   BANK8   BANK9  BANK10  BANK11  BANK12  BANK13  BANK14  BANK15
      Params:         2       0       0       0       0       0       0       0       0       0       0       0       0       0       0       0       0
      Locals:         0       0       0       0       0       0       0       0       0       0       0       0       0       0       0       0       0
      Temps:          0       0       0       0       0       0       0       0       0       0       0       0       0       0       0       0       0
      Totals:         2       0       0       0       0       0       0       0       0       0       0       0       0       0       0       0       0
Total ram usage:        2 bytes
 Hardware stack levels used:    1
 Hardware stack levels required when called:    2
 This function calls:
		Nothing
 This function is called by:
		_HW_init
 This function uses a non-reentrant model


 *************** function _low_isr *****************
 Defined at:
		line 67 in file "interrupts.c"
 Parameters:    Size  Location     Type
		None
 Auto vars:     Size  Location     Type
		None
 Return value:  Size  Location     Type
		None               void
 Registers used:
		None
 Tracked objects:
		On entry : 
		On exit  : 
		Unchanged: 
 Data sizes:     COMRAM   BANK0   BANK1   BANK2   BANK3   BANK4   BANK5   BANK6   BANK7   BANK8   BANK9  BANK10  BANK11  BANK12  BANK13  BANK14  BANK15
      Params:         0       0       0       0       0       0       0       0       0       0       0       0       0       0       0       0       0
      Locals:         0       0       0       0       0       0       0       0       0       0       0       0       0       0       0       0       0
      Temps:         17       0       0       0       0       0       0       0       0       0       0       0       0       0       0       0       0
      Totals:        17       0       0       0       0       0       0       0       0       0       0       0       0       0       0       0       0
Total ram usage:       17 bytes
 Hardware stack levels used:    1
 Hardware stack levels required when called:    1
 This function calls:
		Nothing
 This function is called by:
		Interrupt level 1
 This function uses a non-reentrant model


 *************** function _high_isr *****************
 Defined at:
		line 27 in file "interrupts.c"
 Parameters:    Size  Location     Type
		None
 Auto vars:     Size  Location     Type
		None
 Return value:  Size  Location     Type
		None               void
 Registers used:
		None
 Tracked objects:
		On entry : 
		On exit  : 
		Unchanged: 
 Data sizes:     COMRAM   BANK0   BANK1   BANK2   BANK3   BANK4   BANK5   BANK6   BANK7   BANK8   BANK9  BANK10  BANK11  BANK12  BANK13  BANK14  BANK15
      Params:         0       0       0       0       0       0       0       0       0       0       0       0       0       0       0       0       0
      Locals:         0       0       0       0       0       0       0       0       0       0       0       0       0       0       0       0       0
      Temps:         14       0       0       0       0       0       0       0       0       0       0       0       0       0       0       0       0
      Totals:        14       0       0       0       0       0       0       0       0       0       0       0       0       0       0       0       0
Total ram usage:       14 bytes
 Hardware stack levels used:    1
 This function calls:
		Nothing
 This function is called by:
		Interrupt level 2
 This function uses a non-reentrant model



MODULE INFORMATION

Module		Function		Class		Link	Load	Size
interrupts.c
		_high_isr      		CODE           	0008	0000	4734
		_low_isr       		CODE           	0018	0000	138

interrupts.c estimated size: 4872

usart.c
		_USART_putStrin		CODE           	1152	0000	206
		_USART_putLine 		CODE           	12B2	0000	42

usart.c estimated size: 248

shared
		__stringdata   		SMALLCONST     	100B	0000	117
		_dpowers       		SMALLCONST     	1001	0000	10
		__initializatio		CODE           	133C	0000	12

shared estimated size: 139

main.c
		_main          		CODE           	1322	0000	26

main.c estimated size: 26

system.c
		_ADC_init      		CODE           	1306	0000	28
		_GPIO_init     		CODE           	1286	0000	44
		_HW_init       		CODE           	12DC	0000	42
		_OSC_init      		CODE           	1352	0000	10
		_USART_init    		CODE           	1082	0000	208

system.c estimated size: 332

